Archive member included to satisfy reference by file (symbol)

C:/Users/mgdbastos/.pico-sdk/toolchain/13_3_Rel1/bin/../lib/gcc/arm-none-eabi/13.3.1/thumb/v6-m/nofp\libgcc.a(_dvmd_tls.o)
                              CMakeFiles/pio_matrix.dir/C_/Users/mgdbastos/.pico-sdk/sdk/2.1.0/src/rp2_common/pico_divider/divider_hardware.S.obj (__aeabi_idiv0)
C:/Users/mgdbastos/.pico-sdk/toolchain/13_3_Rel1/bin/../lib/gcc/arm-none-eabi/13.3.1/thumb/v6-m/nofp\libg.a(libc_a-calloc.o)
                              CMakeFiles/pio_matrix.dir/C_/Users/mgdbastos/.pico-sdk/sdk/2.1.0/src/rp2_common/pico_malloc/malloc.c.obj (calloc)
C:/Users/mgdbastos/.pico-sdk/toolchain/13_3_Rel1/bin/../lib/gcc/arm-none-eabi/13.3.1/thumb/v6-m/nofp\libg.a(libc_a-callocr.o)
                              C:/Users/mgdbastos/.pico-sdk/toolchain/13_3_Rel1/bin/../lib/gcc/arm-none-eabi/13.3.1/thumb/v6-m/nofp\libg.a(libc_a-calloc.o) (_calloc_r)
C:/Users/mgdbastos/.pico-sdk/toolchain/13_3_Rel1/bin/../lib/gcc/arm-none-eabi/13.3.1/thumb/v6-m/nofp\libg.a(libc_a-malloc.o)
                              CMakeFiles/pio_matrix.dir/C_/Users/mgdbastos/.pico-sdk/sdk/2.1.0/src/rp2_common/pico_malloc/malloc.c.obj (malloc)
C:/Users/mgdbastos/.pico-sdk/toolchain/13_3_Rel1/bin/../lib/gcc/arm-none-eabi/13.3.1/thumb/v6-m/nofp\libg.a(libc_a-mallocr.o)
                              C:/Users/mgdbastos/.pico-sdk/toolchain/13_3_Rel1/bin/../lib/gcc/arm-none-eabi/13.3.1/thumb/v6-m/nofp\libg.a(libc_a-callocr.o) (_malloc_r)
C:/Users/mgdbastos/.pico-sdk/toolchain/13_3_Rel1/bin/../lib/gcc/arm-none-eabi/13.3.1/thumb/v6-m/nofp\libg.a(libc_a-mlock.o)
                              C:/Users/mgdbastos/.pico-sdk/toolchain/13_3_Rel1/bin/../lib/gcc/arm-none-eabi/13.3.1/thumb/v6-m/nofp\libg.a(libc_a-mallocr.o) (__malloc_lock)
C:/Users/mgdbastos/.pico-sdk/toolchain/13_3_Rel1/bin/../lib/gcc/arm-none-eabi/13.3.1/thumb/v6-m/nofp\libg.a(libc_a-realloc.o)
                              CMakeFiles/pio_matrix.dir/C_/Users/mgdbastos/.pico-sdk/sdk/2.1.0/src/rp2_common/pico_malloc/malloc.c.obj (realloc)
C:/Users/mgdbastos/.pico-sdk/toolchain/13_3_Rel1/bin/../lib/gcc/arm-none-eabi/13.3.1/thumb/v6-m/nofp\libg.a(libc_a-reallocr.o)
                              C:/Users/mgdbastos/.pico-sdk/toolchain/13_3_Rel1/bin/../lib/gcc/arm-none-eabi/13.3.1/thumb/v6-m/nofp\libg.a(libc_a-realloc.o) (_realloc_r)
C:/Users/mgdbastos/.pico-sdk/toolchain/13_3_Rel1/bin/../lib/gcc/arm-none-eabi/13.3.1/thumb/v6-m/nofp\libg.a(libc_a-memcmp.o)
                              CMakeFiles/pio_matrix.dir/C_/Users/mgdbastos/.pico-sdk/sdk/2.1.0/src/rp2_common/pico_atomic/atomic.c.obj (memcmp)
C:/Users/mgdbastos/.pico-sdk/toolchain/13_3_Rel1/bin/../lib/gcc/arm-none-eabi/13.3.1/thumb/v6-m/nofp\libg.a(libc_a-memmove.o)
                              C:/Users/mgdbastos/.pico-sdk/toolchain/13_3_Rel1/bin/../lib/gcc/arm-none-eabi/13.3.1/thumb/v6-m/nofp\libg.a(libc_a-reallocr.o) (memmove)
C:/Users/mgdbastos/.pico-sdk/toolchain/13_3_Rel1/bin/../lib/gcc/arm-none-eabi/13.3.1/thumb/v6-m/nofp\libg.a(libc_a-lcltime_r.o)
                              CMakeFiles/pio_matrix.dir/C_/Users/mgdbastos/.pico-sdk/sdk/2.1.0/src/common/pico_util/datetime.c.obj (localtime_r)
C:/Users/mgdbastos/.pico-sdk/toolchain/13_3_Rel1/bin/../lib/gcc/arm-none-eabi/13.3.1/thumb/v6-m/nofp\libg.a(libc_a-mktime.o)
                              CMakeFiles/pio_matrix.dir/C_/Users/mgdbastos/.pico-sdk/sdk/2.1.0/src/common/pico_util/datetime.c.obj (mktime)
C:/Users/mgdbastos/.pico-sdk/toolchain/13_3_Rel1/bin/../lib/gcc/arm-none-eabi/13.3.1/thumb/v6-m/nofp\libg.a(libc_a-month_lengths.o)
                              C:/Users/mgdbastos/.pico-sdk/toolchain/13_3_Rel1/bin/../lib/gcc/arm-none-eabi/13.3.1/thumb/v6-m/nofp\libg.a(libc_a-lcltime_r.o) (__month_lengths)
C:/Users/mgdbastos/.pico-sdk/toolchain/13_3_Rel1/bin/../lib/gcc/arm-none-eabi/13.3.1/thumb/v6-m/nofp\libg.a(libc_a-tzcalc_limits.o)
                              C:/Users/mgdbastos/.pico-sdk/toolchain/13_3_Rel1/bin/../lib/gcc/arm-none-eabi/13.3.1/thumb/v6-m/nofp\libg.a(libc_a-lcltime_r.o) (__tzcalc_limits)
C:/Users/mgdbastos/.pico-sdk/toolchain/13_3_Rel1/bin/../lib/gcc/arm-none-eabi/13.3.1/thumb/v6-m/nofp\libg.a(libc_a-tzlock.o)
                              C:/Users/mgdbastos/.pico-sdk/toolchain/13_3_Rel1/bin/../lib/gcc/arm-none-eabi/13.3.1/thumb/v6-m/nofp\libg.a(libc_a-lcltime_r.o) (__tz_lock)
C:/Users/mgdbastos/.pico-sdk/toolchain/13_3_Rel1/bin/../lib/gcc/arm-none-eabi/13.3.1/thumb/v6-m/nofp\libg.a(libc_a-tzset.o)
                              C:/Users/mgdbastos/.pico-sdk/toolchain/13_3_Rel1/bin/../lib/gcc/arm-none-eabi/13.3.1/thumb/v6-m/nofp\libg.a(libc_a-lcltime_r.o) (_tzset_unlocked)
C:/Users/mgdbastos/.pico-sdk/toolchain/13_3_Rel1/bin/../lib/gcc/arm-none-eabi/13.3.1/thumb/v6-m/nofp\libg.a(libc_a-tzset_r.o)
                              C:/Users/mgdbastos/.pico-sdk/toolchain/13_3_Rel1/bin/../lib/gcc/arm-none-eabi/13.3.1/thumb/v6-m/nofp\libg.a(libc_a-tzset.o) (_tzset_unlocked_r)
[...]
Memory Configuration

Name             Origin             Length             Attributes
FLASH            0x10000000         0x00200000         xr
RAM              0x20000000         0x00040000         xrw
SCRATCH_X        0x20040000         0x00001000         xrw
SCRATCH_Y        0x20041000         0x00001000         xrw
*default*        0x00000000         0xffffffff

Linker script and memory map

LOAD C:/Users/mgdbastos/.pico-sdk/toolchain/13_3_Rel1/bin/../lib/gcc/arm-none-eabi/13.3.1/thumb/v6-m/nofp/crti.o
LOAD C:/Users/mgdbastos/.pico-sdk/toolchain/13_3_Rel1/bin/../lib/gcc/arm-none-eabi/13.3.1/thumb/v6-m/nofp/crtbegin.o
LOAD C:/Users/mgdbastos/.pico-sdk/toolchain/13_3_Rel1/bin/../lib/gcc/arm-none-eabi/13.3.1/thumb/v6-m/nofp/crt0.o

.flash_begin    0x10000000        0x0
                0x10000000                        __flash_binary_start = .

.boot2          0x10000000      0x100
                0x10000000                        __boot2_start__ = .
 *(.boot2)
 .boot2         0x10000000      0x100 pico-sdk/src/rp2040/boot_stage2/CMakeFiles/bs2_default_library.dir/./bs2_default_padded_checksummed.S.obj
                0x10000100                        __boot2_end__ = .
                0x00000001                        ASSERT (((__boot2_end__ - __boot2_start__) == 0x100), ERROR: Pico second stage bootloader must be 256 bytes in size)

.text           0x10000100     0x7a14
                0x10000100                        __logical_binary_start = .
 *(.vectors)
 .vectors       0x10000100       0xd4 CMakeFiles/pio_matrix.dir/C_/Users/mgdbastos/.pico-sdk/sdk/2.1.0/src/rp2_common/pico_crt0/crt0.S.obj
                0x10000100                __VECTOR_TABLE
                0x10000100                __vectors
                0x100001c0                isr_invalid
                0x100001c0                __default_isrs_start
                0x100001c2                isr_nmi
                0x100001c4                isr_hardfault
                0x100001c6                isr_svcall
                0x100001c8                isr_pendsv
                0x100001ca                isr_systick
                0x100001cc                isr_irq23
                0x100001cc                isr_irq18
                0x100001cc                isr_irq11
                0x100001cc                isr_irq28
                0x100001cc                isr_irq19
                0x100001cc                isr_irq0
                0x100001cc                isr_irq6
                0x100001cc                isr_irq5
                0x100001cc                isr_irq12
                0x100001cc                isr_irq22
                0x100001cc                isr_irq31
                0x100001cc                isr_irq17
                0x100001cc                isr_irq27
                0x100001cc                isr_irq30
                0x100001cc                isr_irq2
                0x100001cc                isr_irq10
                0x100001cc                isr_irq8
                0x100001cc                isr_irq24
                0x100001cc                isr_irq1
                0x100001cc                isr_irq7
                0x100001cc                isr_irq21
                0x100001cc                isr_irq20
                0x100001cc                isr_irq15
                0x100001cc                isr_irq25
                0x100001cc                isr_irq13
                0x100001cc                __unhandled_user_irq
                0x100001cc                isr_irq4
                0x100001cc                isr_irq16
                0x100001cc                isr_irq29
                0x100001cc                isr_irq26
                0x100001cc                __default_isrs_end
                0x100001cc                isr_irq3
                0x100001cc                isr_irq14
                0x100001cc                isr_irq9
                0x100001d2                unhandled_user_irq_num_in_r0
 *(.binary_info_header)
 .binary_info_header
                0x100001d4       0x14 CMakeFiles/pio_matrix.dir/C_/Users/mgdbastos/.pico-sdk/sdk/2.1.0/src/rp2_common/pico_crt0/crt0.S.obj
                0x100001e8                        __binary_info_header_end = .
 *(.embedded_block)
                0x100001e8                        __embedded_block_end = .
 *(.reset)
 .reset         0x100001e8       0x9c CMakeFiles/pio_matrix.dir/C_/Users/mgdbastos/.pico-sdk/sdk/2.1.0/src/rp2_common/pico_crt0/crt0.S.obj
                0x100001e8                _entry_point
 *(.init)
 .init          0x10000284        0x4 C:/Users/mgdbastos/.pico-sdk/toolchain/13_3_Rel1/bin/../lib/gcc/arm-none-eabi/13.3.1/thumb/v6-m/nofp/crti.o
                0x10000284                _init
 *(EXCLUDE_FILE(*libm.a: *libc.a:*lib_a-mem*.o *libgcc.a:) .text*)
 .text.register_tm_clones
                0x10000288       0x28 C:/Users/mgdbastos/.pico-sdk/toolchain/13_3_Rel1/bin/../lib/gcc/arm-none-eabi/13.3.1/thumb/v6-m/nofp/crtbegin.o
 .text.frame_dummy
                0x100002b0       0x24 C:/Users/mgdbastos/.pico-sdk/toolchain/13_3_Rel1/bin/../lib/gcc/arm-none-eabi/13.3.1/thumb/v6-m/nofp/crtbegin.o
 .text.setup_gpio
                0x100002d4       0x90 CMakeFiles/pio_matrix.dir/pio_matrix.c.obj
                0x100002d4                setup_gpio
 .text.scan_keypad
                0x10000364      0x140 CMakeFiles/pio_matrix.dir/pio_matrix.c.obj
                0x10000364                scan_keypad
 .text.tecla_9  0x100004a4      0x144 CMakeFiles/pio_matrix.dir/pio_matrix.c.obj
                0x100004a4                tecla_9
 .text.tecla_1  0x100005e8      0x170 CMakeFiles/pio_matrix.dir/pio_matrix.c.obj
                0x100005e8                tecla_1
 .text.startup.main
                0x10000758      0x608 CMakeFiles/pio_matrix.dir/pio_matrix.c.obj
                0x10000758                main
 .text.gpio_set_function
                0x10000d60       0x34 CMakeFiles/pio_matrix.dir/C_/Users/mgdbastos/.pico-sdk/sdk/2.1.0/src/rp2_common/hardware_gpio/gpio.c.obj
                0x10000d60                gpio_set_function
 .text.gpio_set_pulls
                0x10000d94       0x28 CMakeFiles/pio_matrix.dir/C_/Users/mgdbastos/.pico-sdk/sdk/2.1.0/src/rp2_common/hardware_gpio/gpio.c.obj
                0x10000d94                gpio_set_pulls
 .text.gpio_init
                0x10000dbc       0x40 CMakeFiles/pio_matrix.dir/C_/Users/mgdbastos/.pico-sdk/sdk/2.1.0/src/rp2_common/hardware_gpio/gpio.c.obj
                0x10000dbc                gpio_init
 .text.rp2040_chip_version
                0x10000dfc        0xc CMakeFiles/pio_matrix.dir/C_/Users/mgdbastos/.pico-sdk/sdk/2.1.0/src/rp2040/pico_platform/platform.c.obj
                0x10000dfc                rp2040_chip_version
 .text.panic    0x10000e08       0x30 CMakeFiles/pio_matrix.dir/C_/Users/mgdbastos/.pico-sdk/sdk/2.1.0/src/rp2_common/pico_platform_panic/panic.c.obj
                0x10000e08                panic
 .text.hw_claim_lock
                0x10000e38       0x18 CMakeFiles/pio_matrix.dir/C_/Users/mgdbastos/.pico-sdk/sdk/2.1.0/src/common/hardware_claim/claim.c.obj
                0x10000e38                hw_claim_lock
 .text.hw_claim_unlock
                0x10000e50       0x14 CMakeFiles/pio_matrix.dir/C_/Users/mgdbastos/.pico-sdk/sdk/2.1.0/src/common/hardware_claim/claim.c.obj
                0x10000e50                hw_claim_unlock
 .text.hw_claim_or_assert
                0x10000e64       0x44 CMakeFiles/pio_matrix.dir/C_/Users/mgdbastos/.pico-sdk/sdk/2.1.0/src/common/hardware_claim/claim.c.obj
                0x10000e64                hw_claim_or_assert
 .text.hw_claim_unused_from_range
                0x10000ea8       0x9c CMakeFiles/pio_matrix.dir/C_/Users/mgdbastos/.pico-sdk/sdk/2.1.0/src/common/hardware_claim/claim.c.obj
                0x10000ea8                hw_claim_unused_from_range
 .text.next_striped_spin_lock_num
                0x10000f44       0x18 CMakeFiles/pio_matrix.dir/C_/Users/mgdbastos/.pico-sdk/sdk/2.1.0/src/rp2_common/hardware_sync/sync.c.obj
                0x10000f44                next_striped_spin_lock_num
 .text.spin_lock_claim_unused
                0x10000f5c       0x24 CMakeFiles/pio_matrix.dir/C_/Users/mgdbastos/.pico-sdk/sdk/2.1.0/src/rp2_common/hardware_sync/sync.c.obj
                0x10000f5c                spin_lock_claim_unused
 .text.spin_locks_reset
                0x10000f80       0x1c CMakeFiles/pio_matrix.dir/C_/Users/mgdbastos/.pico-sdk/sdk/2.1.0/src/rp2_common/hardware_sync_spin_lock/sync_spin_lock.c.obj
                0x10000f80                spin_locks_reset
 .text.runtime_init_per_core_irq_priorities
                0x10000f9c       0x24 CMakeFiles/pio_matrix.dir/C_/Users/mgdbastos/.pico-sdk/sdk/2.1.0/src/rp2_common/hardware_irq/irq.c.obj
                0x10000f9c                runtime_init_per_core_irq_priorities
 .text.irq_set_enabled
                0x10000fc0       0x24 CMakeFiles/pio_matrix.dir/C_/Users/mgdbastos/.pico-sdk/sdk/2.1.0/src/rp2_common/hardware_irq/irq.c.obj
                0x10000fc0                irq_set_enabled
 .text.irq_is_enabled
                0x10000fe4       0x18 CMakeFiles/pio_matrix.dir/C_/Users/mgdbastos/.pico-sdk/sdk/2.1.0/src/rp2_common/hardware_irq/irq.c.obj
                0x10000fe4                irq_is_enabled
 .text.irq_set_pending
                0x10000ffc       0x10 CMakeFiles/pio_matrix.dir/C_/Users/mgdbastos/.pico-sdk/sdk/2.1.0/src/rp2_common/hardware_irq/irq.c.obj
                0x10000ffc                irq_set_pending
 .text.irq_has_shared_handler
                0x1000100c       0x2c CMakeFiles/pio_matrix.dir/C_/Users/mgdbastos/.pico-sdk/sdk/2.1.0/src/rp2_common/hardware_irq/irq.c.obj
                0x1000100c                irq_has_shared_handler
 .text.irq_set_exclusive_handler
                0x10001038       0x54 CMakeFiles/pio_matrix.dir/C_/Users/mgdbastos/.pico-sdk/sdk/2.1.0/src/rp2_common/hardware_irq/irq.c.obj
                0x10001038                irq_set_exclusive_handler
 .text.irq_add_shared_handler
                0x1000108c      0x1f4 CMakeFiles/pio_matrix.dir/C_/Users/mgdbastos/.pico-sdk/sdk/2.1.0/src/rp2_common/hardware_irq/irq.c.obj
                0x1000108c                irq_add_shared_handler
 .text.irq_remove_handler
                0x10001280      0x1d4 CMakeFiles/pio_matrix.dir/C_/Users/mgdbastos/.pico-sdk/sdk/2.1.0/src/rp2_common/hardware_irq/irq.c.obj
                0x10001280                irq_remove_handler
 .text.irq_add_tail_to_free_list
                0x10001454       0xb4 CMakeFiles/pio_matrix.dir/C_/Users/mgdbastos/.pico-sdk/sdk/2.1.0/src/rp2_common/hardware_irq/irq.c.obj
                0x10001454                irq_add_tail_to_free_list
 .text.user_irq_claim_unused
                0x10001508       0x2c CMakeFiles/pio_matrix.dir/C_/Users/mgdbastos/.pico-sdk/sdk/2.1.0/src/rp2_common/hardware_irq/irq.c.obj
                0x10001508                user_irq_claim_unused
 .text.lock_init
                0x10001534       0x10 CMakeFiles/pio_matrix.dir/C_/Users/mgdbastos/.pico-sdk/sdk/2.1.0/src/common/pico_sync/lock_core.c.obj
                0x10001534                lock_init
 .text.runtime_init_mutex
                0x10001544       0x50 CMakeFiles/pio_matrix.dir/C_/Users/mgdbastos/.pico-sdk/sdk/2.1.0/src/common/pico_sync/mutex.c.obj
                0x10001544                runtime_init_mutex
 .text.mutex_init
                0x10001594       0x1c CMakeFiles/pio_matrix.dir/C_/Users/mgdbastos/.pico-sdk/sdk/2.1.0/src/common/pico_sync/mutex.c.obj
                0x10001594                mutex_init
 .text.critical_section_init
                0x100015b0       0x1c CMakeFiles/pio_matrix.dir/C_/Users/mgdbastos/.pico-sdk/sdk/2.1.0/src/common/pico_sync/critical_section.c.obj
                0x100015b0                critical_section_init
 .text.critical_section_init_with_lock_num
                0x100015cc       0x14 CMakeFiles/pio_matrix.dir/C_/Users/mgdbastos/.pico-sdk/sdk/2.1.0/src/common/pico_sync/critical_section.c.obj
                0x100015cc                critical_section_init_with_lock_num
 .text.sleep_until_callback
                0x100015e0       0x30 CMakeFiles/pio_matrix.dir/C_/Users/mgdbastos/.pico-sdk/sdk/2.1.0/src/common/pico_time/time.c.obj
 .text.alarm_pool_irq_handler
                0x10001610      0x2fc CMakeFiles/pio_matrix.dir/C_/Users/mgdbastos/.pico-sdk/sdk/2.1.0/src/common/pico_time/time.c.obj
 .text.runtime_init_default_alarm_pool
                0x1000190c       0xdc CMakeFiles/pio_matrix.dir/C_/Users/mgdbastos/.pico-sdk/sdk/2.1.0/src/common/pico_time/time.c.obj
                0x1000190c                runtime_init_default_alarm_pool
 .text.alarm_pool_get_default
                0x100019e8        0x8 CMakeFiles/pio_matrix.dir/C_/Users/mgdbastos/.pico-sdk/sdk/2.1.0/src/common/pico_time/time.c.obj
                0x100019e8                alarm_pool_get_default
 .text.alarm_pool_add_alarm_at
                0x100019f0       0xd4 CMakeFiles/pio_matrix.dir/C_/Users/mgdbastos/.pico-sdk/sdk/2.1.0/src/common/pico_time/time.c.obj
                0x100019f0                alarm_pool_add_alarm_at
 .text.alarm_pool_add_alarm_at_force_in_context
                0x10001ac4       0xb0 CMakeFiles/pio_matrix.dir/C_/Users/mgdbastos/.pico-sdk/sdk/2.1.0/src/common/pico_time/time.c.obj
                0x10001ac4                alarm_pool_add_alarm_at_force_in_context
 .text.alarm_pool_cancel_alarm
                0x10001b74       0x74 CMakeFiles/pio_matrix.dir/C_/Users/mgdbastos/.pico-sdk/sdk/2.1.0/src/common/pico_time/time.c.obj
                0x10001b74                alarm_pool_cancel_alarm
 .text.alarm_pool_core_num
                0x10001be8        0x4 CMakeFiles/pio_matrix.dir/C_/Users/mgdbastos/.pico-sdk/sdk/2.1.0/src/common/pico_time/time.c.obj
                0x10001be8                alarm_pool_core_num
 .text.sleep_until
                0x10001bec       0xd8 CMakeFiles/pio_matrix.dir/C_/Users/mgdbastos/.pico-sdk/sdk/2.1.0/src/common/pico_time/time.c.obj
                0x10001bec                sleep_until
 .text.sleep_ms
                0x10001cc4       0x38 CMakeFiles/pio_matrix.dir/C_/Users/mgdbastos/.pico-sdk/sdk/2.1.0/src/common/pico_time/time.c.obj
                0x10001cc4                sleep_ms
 .text.best_effort_wfe_or_timeout
                0x10001cfc       0xe0 CMakeFiles/pio_matrix.dir/C_/Users/mgdbastos/.pico-sdk/sdk/2.1.0/src/common/pico_time/time.c.obj
                0x10001cfc                best_effort_wfe_or_timeout
 .text.timer_hardware_alarm_claim
                0x10001ddc       0x14 CMakeFiles/pio_matrix.dir/C_/Users/mgdbastos/.pico-sdk/sdk/2.1.0/src/rp2_common/hardware_timer/timer.c.obj
                0x10001ddc                timer_hardware_alarm_claim
 .text.timer_time_us_64
                0x10001df0       0x10 CMakeFiles/pio_matrix.dir/C_/Users/mgdbastos/.pico-sdk/sdk/2.1.0/src/rp2_common/hardware_timer/timer.c.obj
                0x10001df0                timer_time_us_64
 .text.time_us_64
                0x10001e00       0x14 CMakeFiles/pio_matrix.dir/C_/Users/mgdbastos/.pico-sdk/sdk/2.1.0/src/rp2_common/hardware_timer/timer.c.obj
                0x10001e00                time_us_64
 .text.busy_wait_us
                0x10001e14       0x68 CMakeFiles/pio_matrix.dir/C_/Users/mgdbastos/.pico-sdk/sdk/2.1.0/src/rp2_common/hardware_timer/timer.c.obj
                0x10001e14                busy_wait_us
 .text.busy_wait_until
                0x10001e7c       0x20 CMakeFiles/pio_matrix.dir/C_/Users/mgdbastos/.pico-sdk/sdk/2.1.0/src/rp2_common/hardware_timer/timer.c.obj
                0x10001e7c                busy_wait_until
 .text.uart_init
                0x10001e9c      0x120 CMakeFiles/pio_matrix.dir/C_/Users/mgdbastos/.pico-sdk/sdk/2.1.0/src/rp2_common/hardware_uart/uart.c.obj
                0x10001e9c                uart_init
 .text.clock_configure_int_divider
                0x10001fbc       0xf4 CMakeFiles/pio_matrix.dir/C_/Users/mgdbastos/.pico-sdk/sdk/2.1.0/src/rp2_common/hardware_clocks/clocks.c.obj
                0x10001fbc                clock_configure_int_divider
 .text.clock_configure_undivided
                0x100020b0       0xe8 CMakeFiles/pio_matrix.dir/C_/Users/mgdbastos/.pico-sdk/sdk/2.1.0/src/rp2_common/hardware_clocks/clocks.c.obj
                0x100020b0                clock_configure_undivided
 .text.clock_get_hz
                0x10002198        0xc CMakeFiles/pio_matrix.dir/C_/Users/mgdbastos/.pico-sdk/sdk/2.1.0/src/rp2_common/hardware_clocks/clocks.c.obj
                0x10002198                clock_get_hz
 .text.set_sys_clock_pll
                0x100021a4      0x1b8 CMakeFiles/pio_matrix.dir/C_/Users/mgdbastos/.pico-sdk/sdk/2.1.0/src/rp2_common/hardware_clocks/clocks.c.obj
                0x100021a4                set_sys_clock_pll
 .text.check_sys_clock_khz
                0x1000235c      0x234 CMakeFiles/pio_matrix.dir/C_/Users/mgdbastos/.pico-sdk/sdk/2.1.0/src/rp2_common/hardware_clocks/clocks.c.obj
                0x1000235c                check_sys_clock_khz
 .text.pll_init
                0x10002590       0xa4 CMakeFiles/pio_matrix.dir/C_/Users/mgdbastos/.pico-sdk/sdk/2.1.0/src/rp2_common/hardware_pll/pll.c.obj
                0x10002590                pll_init
 .text.watchdog_reboot
                0x10002634       0x9c CMakeFiles/pio_matrix.dir/C_/Users/mgdbastos/.pico-sdk/sdk/2.1.0/src/rp2_common/hardware_watchdog/watchdog.c.obj
                0x10002634                watchdog_reboot
 .text.tick_start
                0x100026d0       0x10 CMakeFiles/pio_matrix.dir/C_/Users/mgdbastos/.pico-sdk/sdk/2.1.0/src/rp2_common/hardware_ticks/ticks.c.obj
                0x100026d0                tick_start
 .text.rom_func_lookup
                0x100026e0       0x10 CMakeFiles/pio_matrix.dir/C_/Users/mgdbastos/.pico-sdk/sdk/2.1.0/src/rp2_common/pico_bootrom/bootrom.c.obj
                0x100026e0                rom_func_lookup
 .text.rom_data_lookup
                0x100026f0       0x10 CMakeFiles/pio_matrix.dir/C_/Users/mgdbastos/.pico-sdk/sdk/2.1.0/src/rp2_common/pico_bootrom/bootrom.c.obj
                0x100026f0                rom_data_lookup
 .text.rom_funcs_lookup
                0x10002700       0x44 CMakeFiles/pio_matrix.dir/C_/Users/mgdbastos/.pico-sdk/sdk/2.1.0/src/rp2_common/pico_bootrom/bootrom.c.obj
                0x10002700                rom_funcs_lookup
 .text.rom_reset_usb_boot_extra
                0x10002744       0x28 CMakeFiles/pio_matrix.dir/C_/Users/mgdbastos/.pico-sdk/sdk/2.1.0/src/rp2_common/pico_bootrom/bootrom.c.obj
                0x10002744                rom_reset_usb_boot_extra
 .text.xosc_init
                0x1000276c       0x28 CMakeFiles/pio_matrix.dir/C_/Users/mgdbastos/.pico-sdk/sdk/2.1.0/src/rp2_common/hardware_xosc/xosc.c.obj
                0x1000276c                xosc_init
 .text.first_per_core_initializer
                0x10002794        0x4 CMakeFiles/pio_matrix.dir/C_/Users/mgdbastos/.pico-sdk/sdk/2.1.0/src/rp2_common/pico_runtime/runtime.c.obj
 .text.hard_assertion_failure
                0x10002798        0xc CMakeFiles/pio_matrix.dir/C_/Users/mgdbastos/.pico-sdk/sdk/2.1.0/src/rp2_common/pico_runtime/runtime.c.obj
                0x10002798                hard_assertion_failure
 .text.runtime_run_initializers
                0x100027a4       0x28 CMakeFiles/pio_matrix.dir/C_/Users/mgdbastos/.pico-sdk/sdk/2.1.0/src/rp2_common/pico_runtime/runtime.c.obj
                0x100027a4                runtime_run_initializers
 .text.runtime_init_early_resets
                0x100027cc       0x2c CMakeFiles/pio_matrix.dir/C_/Users/mgdbastos/.pico-sdk/sdk/2.1.0/src/rp2_common/pico_runtime_init/runtime_init.c.obj
                0x100027cc                runtime_init_early_resets
 .text.runtime_init_usb_power_down
                0x100027f8       0x1c CMakeFiles/pio_matrix.dir/C_/Users/mgdbastos/.pico-sdk/sdk/2.1.0/src/rp2_common/pico_runtime_init/runtime_init.c.obj
                0x100027f8                runtime_init_usb_power_down
 .text.runtime_init_post_clock_resets
                0x10002814       0x20 CMakeFiles/pio_matrix.dir/C_/Users/mgdbastos/.pico-sdk/sdk/2.1.0/src/rp2_common/pico_runtime_init/runtime_init.c.obj
                0x10002814                runtime_init_post_clock_resets
 .text.runtime_init_rp2040_gpio_ie_disable
                0x10002834       0x14 CMakeFiles/pio_matrix.dir/C_/Users/mgdbastos/.pico-sdk/sdk/2.1.0/src/rp2_common/pico_runtime_init/runtime_init.c.obj
                0x10002834                runtime_init_rp2040_gpio_ie_disable
 .text.runtime_init_spin_locks_reset
                0x10002848        0x8 CMakeFiles/pio_matrix.dir/C_/Users/mgdbastos/.pico-sdk/sdk/2.1.0/src/rp2_common/pico_runtime_init/runtime_init.c.obj
                0x10002848                runtime_init_spin_locks_reset
 .text.runtime_init_install_ram_vector_table
                0x10002850       0x1c CMakeFiles/pio_matrix.dir/C_/Users/mgdbastos/.pico-sdk/sdk/2.1.0/src/rp2_common/pico_runtime_init/runtime_init.c.obj
                0x10002850                runtime_init_install_ram_vector_table
 .text.runtime_init_clocks
                0x1000286c       0xd8 CMakeFiles/pio_matrix.dir/C_/Users/mgdbastos/.pico-sdk/sdk/2.1.0/src/rp2_common/pico_runtime_init/runtime_init_clocks.c.obj
                0x1000286c                runtime_init_clocks
 .text          0x10002944       0x10 CMakeFiles/pio_matrix.dir/C_/Users/mgdbastos/.pico-sdk/sdk/2.1.0/src/rp2_common/pico_bit_ops/bit_ops_aeabi.S.obj
 .text.__wrap___aeabi_idiv
                0x10002954       0x50 CMakeFiles/pio_matrix.dir/C_/Users/mgdbastos/.pico-sdk/sdk/2.1.0/src/rp2_common/pico_divider/divider_hardware.S.obj
                0x10002954                __wrap___aeabi_idivmod
                0x10002954                divmod_s32s32
                0x10002954                div_s32s32
                0x10002954                __wrap___aeabi_idiv
                0x1000295c                divmod_s32s32_unsafe
                0x10002988                divmod_s32s32_savestate
 .text.__wrap___aeabi_uidiv
                0x100029a4       0x4c CMakeFiles/pio_matrix.dir/C_/Users/mgdbastos/.pico-sdk/sdk/2.1.0/src/rp2_common/pico_divider/divider_hardware.S.obj
                0x100029a4                __wrap___aeabi_uidiv
                0x100029a4                __wrap___aeabi_uidivmod
                0x100029a4                div_u32u32
                0x100029a4                divmod_u32u32
                0x100029ac                divmod_u32u32_unsafe
                0x100029d4                divmod_u32u32_savestate
 .text.__wrap___aeabi_ldiv
                0x100029f0      0x424 CMakeFiles/pio_matrix.dir/C_/Users/mgdbastos/.pico-sdk/sdk/2.1.0/src/rp2_common/pico_divider/divider_hardware.S.obj
                0x100029f0                div_s64s64
                0x100029f0                divmod_s64s64
                0x100029f0                __wrap___aeabi_ldivmod
                0x10002a20                divmod_u64u64
                0x10002a20                div_u64u64
                0x10002a20                __wrap___aeabi_uldivmod
                0x10002a30                divmod_u64u64_savestate
                0x10002a50                divmod_s64s64_unsafe
                0x10002ad8                divmod_u64u64_unsafe
 .text.__wrap___aeabi_darithmetic
                0x10002e14       0x60 CMakeFiles/pio_matrix.dir/C_/Users/mgdbastos/.pico-sdk/sdk/2.1.0/src/rp2_common/pico_double/double_aeabi_rp2040.S.obj
                0x10002e14                __wrap___aeabi_drsub
                0x10002e1a                __wrap___aeabi_dsub
                0x10002e24                __wrap___aeabi_dadd
                0x10002e2e                __wrap___aeabi_ddiv
                0x10002e62                __wrap___aeabi_dmul
 .text.__wrap___aeabi_cdcmple
                0x10002e74       0x6c CMakeFiles/pio_matrix.dir/C_/Users/mgdbastos/.pico-sdk/sdk/2.1.0/src/rp2_common/pico_double/double_aeabi_rp2040.S.obj
                0x10002e74                __wrap___aeabi_cdrcmple
                0x10002e84                __wrap___aeabi_cdcmpeq
                0x10002e84                __wrap___aeabi_cdcmple
 .text.__wrap___aeabi_dcmplt
                0x10002ee0        0xc CMakeFiles/pio_matrix.dir/C_/Users/mgdbastos/.pico-sdk/sdk/2.1.0/src/rp2_common/pico_double/double_aeabi_rp2040.S.obj
                0x10002ee0                __wrap___aeabi_dcmplt
 .text.__wrap___aeabi_dcmpge
                0x10002eec       0x10 CMakeFiles/pio_matrix.dir/C_/Users/mgdbastos/.pico-sdk/sdk/2.1.0/src/rp2_common/pico_double/double_aeabi_rp2040.S.obj
                0x10002eec                __wrap___aeabi_dcmpge
 .text.__wrap___aeabi_dcmpgt
                0x10002efc        0xa CMakeFiles/pio_matrix.dir/C_/Users/mgdbastos/.pico-sdk/sdk/2.1.0/src/rp2_common/pico_double/double_aeabi_rp2040.S.obj
                0x10002efc                __wrap___aeabi_dcmpgt
 .text.__wrap___aeabi_dcmpun
                0x10002f06       0x18 CMakeFiles/pio_matrix.dir/C_/Users/mgdbastos/.pico-sdk/sdk/2.1.0/src/rp2_common/pico_double/double_aeabi_rp2040.S.obj
                0x10002f06                __wrap___aeabi_dcmpun
 *fill*         0x10002f1e        0x2 
 .text.__wrap___aeabi_i2d
                0x10002f20       0x38 CMakeFiles/pio_matrix.dir/C_/Users/mgdbastos/.pico-sdk/sdk/2.1.0/src/rp2_common/pico_double/double_aeabi_rp2040.S.obj
                0x10002f20                __wrap___aeabi_ui2d
                0x10002f28                __wrap___aeabi_i2d
 .text.__wrap___aeabi_d2iz
                0x10002f58       0x48 CMakeFiles/pio_matrix.dir/C_/Users/mgdbastos/.pico-sdk/sdk/2.1.0/src/rp2_common/pico_double/double_aeabi_rp2040.S.obj
                0x10002f58                double2int_z
                0x10002f58                __wrap___aeabi_d2iz
 .text.__wrap___aeabi_d2uiz
                0x10002fa0       0x10 CMakeFiles/pio_matrix.dir/C_/Users/mgdbastos/.pico-sdk/sdk/2.1.0/src/rp2_common/pico_double/double_aeabi_rp2040.S.obj
                0x10002fa0                __wrap___aeabi_d2uiz
                0x10002fa0                double2uint
 .text.__wrap___aeabi_d2f
                0x10002fb0       0x10 CMakeFiles/pio_matrix.dir/C_/Users/mgdbastos/.pico-sdk/sdk/2.1.0/src/rp2_common/pico_double/double_aeabi_rp2040.S.obj
                0x10002fb0                __wrap___aeabi_d2f
 .text.missing_double_func_shim
                0x10002fc0        0xc CMakeFiles/pio_matrix.dir/C_/Users/mgdbastos/.pico-sdk/sdk/2.1.0/src/rp2_common/pico_double/double_init_rom_rp2040.c.obj
 .text.__aeabi_double_init
                0x10002fcc       0xa0 CMakeFiles/pio_matrix.dir/C_/Users/mgdbastos/.pico-sdk/sdk/2.1.0/src/rp2_common/pico_double/double_init_rom_rp2040.c.obj
                0x10002fcc                __aeabi_double_init
 .text.double_table_shim_on_use_helper
                0x1000306c       0x2c CMakeFiles/pio_matrix.dir/C_/Users/mgdbastos/.pico-sdk/sdk/2.1.0/src/rp2_common/pico_double/double_v1_rom_shim_rp2040.S.obj
                0x1000306c                double_table_shim_on_use_helper
 .text.__aeabi_lmul
                0x10003098       0x32 CMakeFiles/pio_matrix.dir/C_/Users/mgdbastos/.pico-sdk/sdk/2.1.0/src/rp2_common/pico_int64_ops/pico_int64_ops_aeabi.S.obj
                0x10003098                __wrap___aeabi_lmul
 *fill*         0x100030ca        0x2 
 .text.__wrap___aeabi_farithmetic
                0x100030cc       0x48 CMakeFiles/pio_matrix.dir/C_/Users/mgdbastos/.pico-sdk/sdk/2.1.0/src/rp2_common/pico_float/float_aeabi_rp2040.S.obj
                0x100030cc                __wrap___aeabi_frsub
                0x100030d2                __wrap___aeabi_fsub
                0x100030d8                __wrap___aeabi_fadd
                0x100030de                __wrap___aeabi_fdiv
                0x10003106                __wrap___aeabi_fmul
 .text.__wrap___aeabi_ui2f
                0x10003114        0xa CMakeFiles/pio_matrix.dir/C_/Users/mgdbastos/.pico-sdk/sdk/2.1.0/src/rp2_common/pico_float/float_aeabi_rp2040.S.obj
                0x10003114                __wrap___aeabi_ui2f
                0x10003114                uint2float
 *fill*         0x1000311e        0x2 
 .text.__wrap___aeabi_i2f
                0x10003120       0x44 CMakeFiles/pio_matrix.dir/C_/Users/mgdbastos/.pico-sdk/sdk/2.1.0/src/rp2_common/pico_float/float_aeabi_rp2040.S.obj
                0x10003120                __wrap___aeabi_i2f
                0x10003120                int2float
 .text.__wrap___aeabi_f2uiz
                0x10003164        0xc CMakeFiles/pio_matrix.dir/C_/Users/mgdbastos/.pico-sdk/sdk/2.1.0/src/rp2_common/pico_float/float_aeabi_rp2040.S.obj
                0x10003164                __wrap___aeabi_f2uiz
                0x10003164                float2uint_z
 .text.missing_float_func_shim
                0x10003170        0xc CMakeFiles/pio_matrix.dir/C_/Users/mgdbastos/.pico-sdk/sdk/2.1.0/src/rp2_common/pico_float/float_init_rom_rp2040.c.obj
 .text.__aeabi_float_init
                0x1000317c       0x5c CMakeFiles/pio_matrix.dir/C_/Users/mgdbastos/.pico-sdk/sdk/2.1.0/src/rp2_common/pico_float/float_init_rom_rp2040.c.obj
                0x1000317c                __aeabi_float_init
 .text          0x100031d8       0x10 CMakeFiles/pio_matrix.dir/C_/Users/mgdbastos/.pico-sdk/sdk/2.1.0/src/rp2_common/pico_mem_ops/mem_ops_aeabi.S.obj
                0x100031d8                __aeabi_mem_init
 .text.memset   0x100031e8        0xc CMakeFiles/pio_matrix.dir/C_/Users/mgdbastos/.pico-sdk/sdk/2.1.0/src/rp2_common/pico_mem_ops/mem_ops_aeabi.S.obj
                0x100031e8                __wrap_memset
 .text.memcpy   0x100031f4        0xc CMakeFiles/pio_matrix.dir/C_/Users/mgdbastos/.pico-sdk/sdk/2.1.0/src/rp2_common/pico_mem_ops/mem_ops_aeabi.S.obj
                0x100031f4                __wrap_memcpy
                0x100031f4                __wrap___aeabi_memcpy
 .text._out_null
                0x10003200        0x4 CMakeFiles/pio_matrix.dir/C_/Users/mgdbastos/.pico-sdk/sdk/2.1.0/src/rp2_common/pico_printf/printf.c.obj
 .text._out_rev
                0x10003204       0xac CMakeFiles/pio_matrix.dir/C_/Users/mgdbastos/.pico-sdk/sdk/2.1.0/src/rp2_common/pico_printf/printf.c.obj
 .text._ntoa_format
                0x100032b0      0x250 CMakeFiles/pio_matrix.dir/C_/Users/mgdbastos/.pico-sdk/sdk/2.1.0/src/rp2_common/pico_printf/printf.c.obj
 .text._out_char
                0x10003500       0x10 CMakeFiles/pio_matrix.dir/C_/Users/mgdbastos/.pico-sdk/sdk/2.1.0/src/rp2_common/pico_printf/printf.c.obj
 .text._out_fct
                0x10003510       0x10 CMakeFiles/pio_matrix.dir/C_/Users/mgdbastos/.pico-sdk/sdk/2.1.0/src/rp2_common/pico_printf/printf.c.obj
 .text._etoa    0x10003520      0x464 CMakeFiles/pio_matrix.dir/C_/Users/mgdbastos/.pico-sdk/sdk/2.1.0/src/rp2_common/pico_printf/printf.c.obj
 .text._ftoa    0x10003984      0x3c0 CMakeFiles/pio_matrix.dir/C_/Users/mgdbastos/.pico-sdk/sdk/2.1.0/src/rp2_common/pico_printf/printf.c.obj
 .text._vsnprintf
                0x10003d44      0xbc8 CMakeFiles/pio_matrix.dir/C_/Users/mgdbastos/.pico-sdk/sdk/2.1.0/src/rp2_common/pico_printf/printf.c.obj
 .text.vfctprintf
                0x1000490c       0x20 CMakeFiles/pio_matrix.dir/C_/Users/mgdbastos/.pico-sdk/sdk/2.1.0/src/rp2_common/pico_printf/printf.c.obj
                0x1000490c                vfctprintf
 .text.weak_raw_vprintf
                0x1000492c       0x30 CMakeFiles/pio_matrix.dir/C_/Users/mgdbastos/.pico-sdk/sdk/2.1.0/src/rp2_common/pico_printf/printf.c.obj
                0x1000492c                weak_raw_vprintf
 .text._exit    0x1000495c        0x4 CMakeFiles/pio_matrix.dir/C_/Users/mgdbastos/.pico-sdk/sdk/2.1.0/src/rp2_common/pico_clib_interface/newlib_interface.c.obj
                0x1000495c                _exit
 .text.exit     0x10004960        0x8 CMakeFiles/pio_matrix.dir/C_/Users/mgdbastos/.pico-sdk/sdk/2.1.0/src/rp2_common/pico_clib_interface/newlib_interface.c.obj
                0x10004960                exit
 .text.runtime_init
                0x10004968       0x2c CMakeFiles/pio_matrix.dir/C_/Users/mgdbastos/.pico-sdk/sdk/2.1.0/src/rp2_common/pico_clib_interface/newlib_interface.c.obj
                0x10004968                runtime_init
 .text.stdio_out_chars_no_crlf
                0x10004994       0x10 CMakeFiles/pio_matrix.dir/C_/Users/mgdbastos/.pico-sdk/sdk/2.1.0/src/rp2_common/pico_stdio/stdio.c.obj
 .text.stdio_out_chars_crlf
                0x100049a4       0x94 CMakeFiles/pio_matrix.dir/C_/Users/mgdbastos/.pico-sdk/sdk/2.1.0/src/rp2_common/pico_stdio/stdio.c.obj
 .text.stdio_buffered_printer
                0x10004a38       0x64 CMakeFiles/pio_matrix.dir/C_/Users/mgdbastos/.pico-sdk/sdk/2.1.0/src/rp2_common/pico_stdio/stdio.c.obj
 .text.stdio_put_string
                0x10004a9c      0x100 CMakeFiles/pio_matrix.dir/C_/Users/mgdbastos/.pico-sdk/sdk/2.1.0/src/rp2_common/pico_stdio/stdio.c.obj
                0x10004a9c                stdio_put_string
 .text.stdio_set_driver_enabled
                0x10004b9c       0x30 CMakeFiles/pio_matrix.dir/C_/Users/mgdbastos/.pico-sdk/sdk/2.1.0/src/rp2_common/pico_stdio/stdio.c.obj
                0x10004b9c                stdio_set_driver_enabled
 .text.stdio_init_all
                0x10004bcc       0x10 CMakeFiles/pio_matrix.dir/C_/Users/mgdbastos/.pico-sdk/sdk/2.1.0/src/rp2_common/pico_stdio/stdio.c.obj
                0x10004bcc                stdio_init_all
 .text.__wrap_putchar
                0x10004bdc       0x98 CMakeFiles/pio_matrix.dir/C_/Users/mgdbastos/.pico-sdk/sdk/2.1.0/src/rp2_common/pico_stdio/stdio.c.obj
                0x10004bdc                __wrap_putchar
                0x10004bdc                stdio_putchar
 .text.__wrap_puts
                0x10004c74       0x3c CMakeFiles/pio_matrix.dir/C_/Users/mgdbastos/.pico-sdk/sdk/2.1.0/src/rp2_common/pico_stdio/stdio.c.obj
                0x10004c74                stdio_puts
                0x10004c74                __wrap_puts
 .text.__wrap_vprintf
                0x10004cb0       0xd4 CMakeFiles/pio_matrix.dir/C_/Users/mgdbastos/.pico-sdk/sdk/2.1.0/src/rp2_common/pico_stdio/stdio.c.obj
                0x10004cb0                stdio_vprintf
                0x10004cb0                __wrap_vprintf
 .text.__wrap_printf
                0x10004d84       0x18 CMakeFiles/pio_matrix.dir/C_/Users/mgdbastos/.pico-sdk/sdk/2.1.0/src/rp2_common/pico_stdio/stdio.c.obj
                0x10004d84                __wrap_printf
                0x10004d84                stdio_printf
 .text.stdio_uart_out_chars
                0x10004d9c       0x4c CMakeFiles/pio_matrix.dir/C_/Users/mgdbastos/.pico-sdk/sdk/2.1.0/src/rp2_common/pico_stdio_uart/stdio_uart.c.obj
 .text.stdio_uart_in_chars
                0x10004de8       0x90 CMakeFiles/pio_matrix.dir/C_/Users/mgdbastos/.pico-sdk/sdk/2.1.0/src/rp2_common/pico_stdio_uart/stdio_uart.c.obj
                0x10004de8                stdio_uart_in_chars
 .text.on_uart_rx
                0x10004e78       0x28 CMakeFiles/pio_matrix.dir/C_/Users/mgdbastos/.pico-sdk/sdk/2.1.0/src/rp2_common/pico_stdio_uart/stdio_uart.c.obj
 .text.stdio_uart_out_flush
                0x10004ea0       0x14 CMakeFiles/pio_matrix.dir/C_/Users/mgdbastos/.pico-sdk/sdk/2.1.0/src/rp2_common/pico_stdio_uart/stdio_uart.c.obj
 .text.stdio_uart_set_chars_available_callback
                0x10004eb4       0x84 CMakeFiles/pio_matrix.dir/C_/Users/mgdbastos/.pico-sdk/sdk/2.1.0/src/rp2_common/pico_stdio_uart/stdio_uart.c.obj
 .text.stdio_uart_init
                0x10004f38       0x50 CMakeFiles/pio_matrix.dir/C_/Users/mgdbastos/.pico-sdk/sdk/2.1.0/src/rp2_common/pico_stdio_uart/stdio_uart.c.obj
                0x10004f38                stdio_uart_init
 .text.resetd_init
                0x10004f88        0x4 CMakeFiles/pio_matrix.dir/C_/Users/mgdbastos/.pico-sdk/sdk/2.1.0/src/rp2_common/pico_stdio_usb/reset_interface.c.obj
 .text.resetd_reset
                0x10004f8c        0xc CMakeFiles/pio_matrix.dir/C_/Users/mgdbastos/.pico-sdk/sdk/2.1.0/src/rp2_common/pico_stdio_usb/reset_interface.c.obj
 .text.resetd_open
                0x10004f98       0x28 CMakeFiles/pio_matrix.dir/C_/Users/mgdbastos/.pico-sdk/sdk/2.1.0/src/rp2_common/pico_stdio_usb/reset_interface.c.obj
 .text.resetd_xfer_cb
                0x10004fc0        0x4 CMakeFiles/pio_matrix.dir/C_/Users/mgdbastos/.pico-sdk/sdk/2.1.0/src/rp2_common/pico_stdio_usb/reset_interface.c.obj
 .text.resetd_control_xfer_cb
                0x10004fc4       0x5c CMakeFiles/pio_matrix.dir/C_/Users/mgdbastos/.pico-sdk/sdk/2.1.0/src/rp2_common/pico_stdio_usb/reset_interface.c.obj
 .text.tud_descriptor_bos_cb
                0x10005020        0x8 CMakeFiles/pio_matrix.dir/C_/Users/mgdbastos/.pico-sdk/sdk/2.1.0/src/rp2_common/pico_stdio_usb/reset_interface.c.obj
                0x10005020                tud_descriptor_bos_cb
 .text.tud_vendor_control_xfer_cb
                0x10005028       0x34 CMakeFiles/pio_matrix.dir/C_/Users/mgdbastos/.pico-sdk/sdk/2.1.0/src/rp2_common/pico_stdio_usb/reset_interface.c.obj
                0x10005028                tud_vendor_control_xfer_cb
 .text.usbd_app_driver_get_cb
                0x1000505c        0xc CMakeFiles/pio_matrix.dir/C_/Users/mgdbastos/.pico-sdk/sdk/2.1.0/src/rp2_common/pico_stdio_usb/reset_interface.c.obj
                0x1000505c                usbd_app_driver_get_cb
 .text.tud_cdc_line_coding_cb
                0x10005068       0x2c CMakeFiles/pio_matrix.dir/C_/Users/mgdbastos/.pico-sdk/sdk/2.1.0/src/rp2_common/pico_stdio_usb/reset_interface.c.obj
                0x10005068                tud_cdc_line_coding_cb
 .text.stdio_usb_set_chars_available_callback
                0x10005094       0x14 CMakeFiles/pio_matrix.dir/C_/Users/mgdbastos/.pico-sdk/sdk/2.1.0/src/rp2_common/pico_stdio_usb/stdio_usb.c.obj
                0x10005094                stdio_usb_set_chars_available_callback
 .text.usb_irq  0x100050a8       0x10 CMakeFiles/pio_matrix.dir/C_/Users/mgdbastos/.pico-sdk/sdk/2.1.0/src/rp2_common/pico_stdio_usb/stdio_usb.c.obj
 .text.timer_task
                0x100050b8       0x64 CMakeFiles/pio_matrix.dir/C_/Users/mgdbastos/.pico-sdk/sdk/2.1.0/src/rp2_common/pico_stdio_usb/stdio_usb.c.obj
 .text.stdio_usb_in_chars
                0x1000511c       0x90 CMakeFiles/pio_matrix.dir/C_/Users/mgdbastos/.pico-sdk/sdk/2.1.0/src/rp2_common/pico_stdio_usb/stdio_usb.c.obj
                0x1000511c                stdio_usb_in_chars
 .text.stdio_usb_out_flush
                0x100051ac       0x50 CMakeFiles/pio_matrix.dir/C_/Users/mgdbastos/.pico-sdk/sdk/2.1.0/src/rp2_common/pico_stdio_usb/stdio_usb.c.obj
 .text.stdio_usb_out_chars
                0x100051fc      0x104 CMakeFiles/pio_matrix.dir/C_/Users/mgdbastos/.pico-sdk/sdk/2.1.0/src/rp2_common/pico_stdio_usb/stdio_usb.c.obj
 .text.low_priority_worker_irq
                0x10005300       0xcc CMakeFiles/pio_matrix.dir/C_/Users/mgdbastos/.pico-sdk/sdk/2.1.0/src/rp2_common/pico_stdio_usb/stdio_usb.c.obj
 .text.stdio_usb_init
                0x100053cc       0xe8 CMakeFiles/pio_matrix.dir/C_/Users/mgdbastos/.pico-sdk/sdk/2.1.0/src/rp2_common/pico_stdio_usb/stdio_usb.c.obj
                0x100053cc                stdio_usb_init
 .text.tud_descriptor_device_cb
                0x100054b4        0x8 CMakeFiles/pio_matrix.dir/C_/Users/mgdbastos/.pico-sdk/sdk/2.1.0/src/rp2_common/pico_stdio_usb/stdio_usb_descriptors.c.obj
                0x100054b4                tud_descriptor_device_cb
 .text.tud_descriptor_configuration_cb
                0x100054bc        0x8 CMakeFiles/pio_matrix.dir/C_/Users/mgdbastos/.pico-sdk/sdk/2.1.0/src/rp2_common/pico_stdio_usb/stdio_usb_descriptors.c.obj
                0x100054bc                tud_descriptor_configuration_cb
 .text.tud_descriptor_string_cb
                0x100054c4       0x78 CMakeFiles/pio_matrix.dir/C_/Users/mgdbastos/.pico-sdk/sdk/2.1.0/src/rp2_common/pico_stdio_usb/stdio_usb_descriptors.c.obj
                0x100054c4                tud_descriptor_string_cb
 .text.startup._retrieve_unique_id_on_boot
                0x1000553c       0x10 CMakeFiles/pio_matrix.dir/C_/Users/mgdbastos/.pico-sdk/sdk/2.1.0/src/rp2_common/pico_unique_id/unique_id.c.obj
 .text.pico_get_unique_board_id_string
                0x1000554c      0x1a8 CMakeFiles/pio_matrix.dir/C_/Users/mgdbastos/.pico-sdk/sdk/2.1.0/src/rp2_common/pico_unique_id/unique_id.c.obj
                0x1000554c                pico_get_unique_board_id_string
 .text.flash_get_unique_id
                0x100056f4       0x3c CMakeFiles/pio_matrix.dir/C_/Users/mgdbastos/.pico-sdk/sdk/2.1.0/src/rp2_common/hardware_flash/flash.c.obj
                0x100056f4                flash_get_unique_id
 .text.dcd_init
                0x10005730       0x8c CMakeFiles/pio_matrix.dir/C_/Users/mgdbastos/.pico-sdk/sdk/2.1.0/lib/tinyusb/src/portable/raspberrypi/rp2040/dcd_rp2040.c.obj
                0x10005730                dcd_init
 .text.dcd_int_enable
                0x100057bc        0xc CMakeFiles/pio_matrix.dir/C_/Users/mgdbastos/.pico-sdk/sdk/2.1.0/lib/tinyusb/src/portable/raspberrypi/rp2040/dcd_rp2040.c.obj
                0x100057bc                dcd_int_enable
 .text.dcd_set_address
                0x100057c8       0x14 CMakeFiles/pio_matrix.dir/C_/Users/mgdbastos/.pico-sdk/sdk/2.1.0/lib/tinyusb/src/portable/raspberrypi/rp2040/dcd_rp2040.c.obj
                0x100057c8                dcd_set_address
 .text.dcd_sof_enable
                0x100057dc       0x1c CMakeFiles/pio_matrix.dir/C_/Users/mgdbastos/.pico-sdk/sdk/2.1.0/lib/tinyusb/src/portable/raspberrypi/rp2040/dcd_rp2040.c.obj
                0x100057dc                dcd_sof_enable
 .text.dcd_edpt0_status_complete
                0x100057f8       0x1c CMakeFiles/pio_matrix.dir/C_/Users/mgdbastos/.pico-sdk/sdk/2.1.0/lib/tinyusb/src/portable/raspberrypi/rp2040/dcd_rp2040.c.obj
                0x100057f8                dcd_edpt0_status_complete
 .text.dcd_edpt_open
                0x10005814      0x108 CMakeFiles/pio_matrix.dir/C_/Users/mgdbastos/.pico-sdk/sdk/2.1.0/lib/tinyusb/src/portable/raspberrypi/rp2040/dcd_rp2040.c.obj
                0x10005814                dcd_edpt_open
 .text.dcd_edpt_close_all
                0x1000591c        0x8 CMakeFiles/pio_matrix.dir/C_/Users/mgdbastos/.pico-sdk/sdk/2.1.0/lib/tinyusb/src/portable/raspberrypi/rp2040/dcd_rp2040.c.obj
                0x1000591c                dcd_edpt_close_all
 .text.dcd_edpt_xfer
                0x10005924       0x24 CMakeFiles/pio_matrix.dir/C_/Users/mgdbastos/.pico-sdk/sdk/2.1.0/lib/tinyusb/src/portable/raspberrypi/rp2040/dcd_rp2040.c.obj
                0x10005924                dcd_edpt_xfer
 .text.dcd_edpt_stall
                0x10005948       0x34 CMakeFiles/pio_matrix.dir/C_/Users/mgdbastos/.pico-sdk/sdk/2.1.0/lib/tinyusb/src/portable/raspberrypi/rp2040/dcd_rp2040.c.obj
                0x10005948                dcd_edpt_stall
 .text.dcd_edpt_clear_stall
                0x1000597c       0x30 CMakeFiles/pio_matrix.dir/C_/Users/mgdbastos/.pico-sdk/sdk/2.1.0/lib/tinyusb/src/portable/raspberrypi/rp2040/dcd_rp2040.c.obj
                0x1000597c                dcd_edpt_clear_stall
 .text.rp2040_usb_init
                0x100059ac       0x40 CMakeFiles/pio_matrix.dir/C_/Users/mgdbastos/.pico-sdk/sdk/2.1.0/lib/tinyusb/src/portable/raspberrypi/rp2040/rp2040_usb.c.obj
                0x100059ac                rp2040_usb_init
 .text.hw_endpoint_xfer_start
                0x100059ec       0x40 CMakeFiles/pio_matrix.dir/C_/Users/mgdbastos/.pico-sdk/sdk/2.1.0/lib/tinyusb/src/portable/raspberrypi/rp2040/rp2040_usb.c.obj
                0x100059ec                hw_endpoint_xfer_start
 .text.tud_event_hook_cb
                0x10005a2c        0x4 CMakeFiles/pio_matrix.dir/C_/Users/mgdbastos/.pico-sdk/sdk/2.1.0/lib/tinyusb/src/device/usbd.c.obj
                0x10005a2c                tud_event_hook_cb
 .text.tud_sof_cb
                0x10005a30        0x4 CMakeFiles/pio_matrix.dir/C_/Users/mgdbastos/.pico-sdk/sdk/2.1.0/lib/tinyusb/src/device/usbd.c.obj
                0x10005a30                tud_sof_cb
 .text.tud_descriptor_device_qualifier_cb
                0x10005a34        0x4 CMakeFiles/pio_matrix.dir/C_/Users/mgdbastos/.pico-sdk/sdk/2.1.0/lib/tinyusb/src/device/usbd.c.obj
                0x10005a34                tud_descriptor_device_qualifier_cb
 .text.tud_descriptor_other_speed_configuration_cb
                0x10005a38        0x4 CMakeFiles/pio_matrix.dir/C_/Users/mgdbastos/.pico-sdk/sdk/2.1.0/lib/tinyusb/src/device/usbd.c.obj
                0x10005a38                tud_descriptor_other_speed_configuration_cb
 .text.tud_mount_cb
                0x10005a3c        0x4 CMakeFiles/pio_matrix.dir/C_/Users/mgdbastos/.pico-sdk/sdk/2.1.0/lib/tinyusb/src/device/usbd.c.obj
                0x10005a3c                tud_mount_cb
 .text.tud_umount_cb
                0x10005a40        0x4 CMakeFiles/pio_matrix.dir/C_/Users/mgdbastos/.pico-sdk/sdk/2.1.0/lib/tinyusb/src/device/usbd.c.obj
                0x10005a40                tud_umount_cb
 .text.tud_suspend_cb
                0x10005a44        0x4 CMakeFiles/pio_matrix.dir/C_/Users/mgdbastos/.pico-sdk/sdk/2.1.0/lib/tinyusb/src/device/usbd.c.obj
                0x10005a44                tud_suspend_cb
 .text.tud_resume_cb
                0x10005a48        0x4 CMakeFiles/pio_matrix.dir/C_/Users/mgdbastos/.pico-sdk/sdk/2.1.0/lib/tinyusb/src/device/usbd.c.obj
                0x10005a48                tud_resume_cb
 .text.tud_mounted
                0x10005a4c       0x10 CMakeFiles/pio_matrix.dir/C_/Users/mgdbastos/.pico-sdk/sdk/2.1.0/lib/tinyusb/src/device/usbd.c.obj
                0x10005a4c                tud_mounted
 .text.tud_suspended
                0x10005a5c       0x10 CMakeFiles/pio_matrix.dir/C_/Users/mgdbastos/.pico-sdk/sdk/2.1.0/lib/tinyusb/src/device/usbd.c.obj
                0x10005a5c                tud_suspended
 .text.tud_init
                0x10005a6c       0xe4 CMakeFiles/pio_matrix.dir/C_/Users/mgdbastos/.pico-sdk/sdk/2.1.0/lib/tinyusb/src/device/usbd.c.obj
                0x10005a6c                tud_init
 .text.tud_task_ext
                0x10005b50      0x800 CMakeFiles/pio_matrix.dir/C_/Users/mgdbastos/.pico-sdk/sdk/2.1.0/lib/tinyusb/src/device/usbd.c.obj
                0x10005b50                tud_task_ext
 .text.usbd_open_edpt_pair
                0x10006350       0x9c CMakeFiles/pio_matrix.dir/C_/Users/mgdbastos/.pico-sdk/sdk/2.1.0/lib/tinyusb/src/device/usbd.c.obj
                0x10006350                usbd_open_edpt_pair
 .text.usbd_edpt_open
                0x100063ec       0x34 CMakeFiles/pio_matrix.dir/C_/Users/mgdbastos/.pico-sdk/sdk/2.1.0/lib/tinyusb/src/device/usbd.c.obj
                0x100063ec                usbd_edpt_open
 .text.usbd_edpt_claim
                0x10006420       0x28 CMakeFiles/pio_matrix.dir/C_/Users/mgdbastos/.pico-sdk/sdk/2.1.0/lib/tinyusb/src/device/usbd.c.obj
                0x10006420                usbd_edpt_claim
 .text.usbd_edpt_release
                0x10006448       0x28 CMakeFiles/pio_matrix.dir/C_/Users/mgdbastos/.pico-sdk/sdk/2.1.0/lib/tinyusb/src/device/usbd.c.obj
                0x10006448                usbd_edpt_release
 .text.usbd_edpt_xfer
                0x10006470       0x4c CMakeFiles/pio_matrix.dir/C_/Users/mgdbastos/.pico-sdk/sdk/2.1.0/lib/tinyusb/src/device/usbd.c.obj
                0x10006470                usbd_edpt_xfer
 .text.tud_control_status
                0x100064bc       0x2c CMakeFiles/pio_matrix.dir/C_/Users/mgdbastos/.pico-sdk/sdk/2.1.0/lib/tinyusb/src/device/usbd_control.c.obj
                0x100064bc                tud_control_status
 .text.tud_control_xfer
                0x100064e8       0xac CMakeFiles/pio_matrix.dir/C_/Users/mgdbastos/.pico-sdk/sdk/2.1.0/lib/tinyusb/src/device/usbd_control.c.obj
                0x100064e8                tud_control_xfer
 .text.usbd_control_reset
                0x10006594       0x14 CMakeFiles/pio_matrix.dir/C_/Users/mgdbastos/.pico-sdk/sdk/2.1.0/lib/tinyusb/src/device/usbd_control.c.obj
                0x10006594                usbd_control_reset
 .text.usbd_control_set_complete_callback
                0x100065a8        0xc CMakeFiles/pio_matrix.dir/C_/Users/mgdbastos/.pico-sdk/sdk/2.1.0/lib/tinyusb/src/device/usbd_control.c.obj
                0x100065a8                usbd_control_set_complete_callback
 .text.usbd_control_set_request
                0x100065b4       0x1c CMakeFiles/pio_matrix.dir/C_/Users/mgdbastos/.pico-sdk/sdk/2.1.0/lib/tinyusb/src/device/usbd_control.c.obj
                0x100065b4                usbd_control_set_request
 .text.usbd_control_xfer_cb
                0x100065d0       0xec CMakeFiles/pio_matrix.dir/C_/Users/mgdbastos/.pico-sdk/sdk/2.1.0/lib/tinyusb/src/device/usbd_control.c.obj
                0x100065d0                usbd_control_xfer_cb
 .text._prep_out_transaction.isra.0
                0x100066bc       0x5c CMakeFiles/pio_matrix.dir/C_/Users/mgdbastos/.pico-sdk/sdk/2.1.0/lib/tinyusb/src/class/cdc/cdc_device.c.obj
 .text.tud_cdc_n_connected
                0x10006718       0x30 CMakeFiles/pio_matrix.dir/C_/Users/mgdbastos/.pico-sdk/sdk/2.1.0/lib/tinyusb/src/class/cdc/cdc_device.c.obj
                0x10006718                tud_cdc_n_connected
 .text.tud_cdc_n_available
                0x10006748       0x18 CMakeFiles/pio_matrix.dir/C_/Users/mgdbastos/.pico-sdk/sdk/2.1.0/lib/tinyusb/src/class/cdc/cdc_device.c.obj
                0x10006748                tud_cdc_n_available
 .text.tud_cdc_n_read
                0x10006760       0x98 CMakeFiles/pio_matrix.dir/C_/Users/mgdbastos/.pico-sdk/sdk/2.1.0/lib/tinyusb/src/class/cdc/cdc_device.c.obj
                0x10006760                tud_cdc_n_read
 .text.tud_cdc_n_write_flush
                0x100067f8       0x78 CMakeFiles/pio_matrix.dir/C_/Users/mgdbastos/.pico-sdk/sdk/2.1.0/lib/tinyusb/src/class/cdc/cdc_device.c.obj
                0x100067f8                tud_cdc_n_write_flush
 .text.tud_cdc_n_write
                0x10006870       0x40 CMakeFiles/pio_matrix.dir/C_/Users/mgdbastos/.pico-sdk/sdk/2.1.0/lib/tinyusb/src/class/cdc/cdc_device.c.obj
                0x10006870                tud_cdc_n_write
 .text.tud_cdc_n_write_available
                0x100068b0       0x18 CMakeFiles/pio_matrix.dir/C_/Users/mgdbastos/.pico-sdk/sdk/2.1.0/lib/tinyusb/src/class/cdc/cdc_device.c.obj
                0x100068b0                tud_cdc_n_write_available
 .text.cdcd_init
                0x100068c8       0x7c CMakeFiles/pio_matrix.dir/C_/Users/mgdbastos/.pico-sdk/sdk/2.1.0/lib/tinyusb/src/class/cdc/cdc_device.c.obj
                0x100068c8                cdcd_init
 .text.cdcd_deinit
                0x10006944       0x34 CMakeFiles/pio_matrix.dir/C_/Users/mgdbastos/.pico-sdk/sdk/2.1.0/lib/tinyusb/src/class/cdc/cdc_device.c.obj
                0x10006944                cdcd_deinit
 .text.cdcd_reset
                0x10006978       0x4c CMakeFiles/pio_matrix.dir/C_/Users/mgdbastos/.pico-sdk/sdk/2.1.0/lib/tinyusb/src/class/cdc/cdc_device.c.obj
                0x10006978                cdcd_reset
 .text.cdcd_open
                0x100069c4       0xb0 CMakeFiles/pio_matrix.dir/C_/Users/mgdbastos/.pico-sdk/sdk/2.1.0/lib/tinyusb/src/class/cdc/cdc_device.c.obj
                0x100069c4                cdcd_open
 .text.cdcd_control_xfer_cb
                0x10006a74       0xe4 CMakeFiles/pio_matrix.dir/C_/Users/mgdbastos/.pico-sdk/sdk/2.1.0/lib/tinyusb/src/class/cdc/cdc_device.c.obj
                0x10006a74                cdcd_control_xfer_cb
 .text.cdcd_xfer_cb
                0x10006b58      0x100 CMakeFiles/pio_matrix.dir/C_/Users/mgdbastos/.pico-sdk/sdk/2.1.0/lib/tinyusb/src/class/cdc/cdc_device.c.obj
                0x10006b58                cdcd_xfer_cb
 .text.vendord_init
                0x10006c58       0x5c CMakeFiles/pio_matrix.dir/C_/Users/mgdbastos/.pico-sdk/sdk/2.1.0/lib/tinyusb/src/class/vendor/vendor_device.c.obj
                0x10006c58                vendord_init
 .text.vendord_deinit
                0x10006cb4       0x1c CMakeFiles/pio_matrix.dir/C_/Users/mgdbastos/.pico-sdk/sdk/2.1.0/lib/tinyusb/src/class/vendor/vendor_device.c.obj
                0x10006cb4                vendord_deinit
 .text.vendord_reset
                0x10006cd0       0x20 CMakeFiles/pio_matrix.dir/C_/Users/mgdbastos/.pico-sdk/sdk/2.1.0/lib/tinyusb/src/class/vendor/vendor_device.c.obj
                0x10006cd0                vendord_reset
 .text.vendord_open
                0x10006cf0      0x138 CMakeFiles/pio_matrix.dir/C_/Users/mgdbastos/.pico-sdk/sdk/2.1.0/lib/tinyusb/src/class/vendor/vendor_device.c.obj
                0x10006cf0                vendord_open
 .text.vendord_xfer_cb
                0x10006e28       0x9c CMakeFiles/pio_matrix.dir/C_/Users/mgdbastos/.pico-sdk/sdk/2.1.0/lib/tinyusb/src/class/vendor/vendor_device.c.obj
                0x10006e28                vendord_xfer_cb
 .text.tusb_init
                0x10006ec4        0xc CMakeFiles/pio_matrix.dir/C_/Users/mgdbastos/.pico-sdk/sdk/2.1.0/lib/tinyusb/src/tusb.c.obj
                0x10006ec4                tusb_init
 .text.tu_edpt_claim
                0x10006ed0       0x50 CMakeFiles/pio_matrix.dir/C_/Users/mgdbastos/.pico-sdk/sdk/2.1.0/lib/tinyusb/src/tusb.c.obj
                0x10006ed0                tu_edpt_claim
 .text.tu_edpt_release
                0x10006f20       0x38 CMakeFiles/pio_matrix.dir/C_/Users/mgdbastos/.pico-sdk/sdk/2.1.0/lib/tinyusb/src/tusb.c.obj
                0x10006f20                tu_edpt_release
 .text.tu_edpt_validate
                0x10006f58       0x7c CMakeFiles/pio_matrix.dir/C_/Users/mgdbastos/.pico-sdk/sdk/2.1.0/lib/tinyusb/src/tusb.c.obj
                0x10006f58                tu_edpt_validate
 .text.tu_edpt_bind_driver
                0x10006fd4       0x34 CMakeFiles/pio_matrix.dir/C_/Users/mgdbastos/.pico-sdk/sdk/2.1.0/lib/tinyusb/src/tusb.c.obj
                0x10006fd4                tu_edpt_bind_driver
 .text.tu_edpt_stream_init
                0x10007008       0x6c CMakeFiles/pio_matrix.dir/C_/Users/mgdbastos/.pico-sdk/sdk/2.1.0/lib/tinyusb/src/tusb.c.obj
                0x10007008                tu_edpt_stream_init
 .text.tu_edpt_stream_deinit
                0x10007074        0x4 CMakeFiles/pio_matrix.dir/C_/Users/mgdbastos/.pico-sdk/sdk/2.1.0/lib/tinyusb/src/tusb.c.obj
                0x10007074                tu_edpt_stream_deinit
 .text.tu_edpt_stream_write_zlp_if_needed
                0x10007078       0x68 CMakeFiles/pio_matrix.dir/C_/Users/mgdbastos/.pico-sdk/sdk/2.1.0/lib/tinyusb/src/tusb.c.obj
                0x10007078                tu_edpt_stream_write_zlp_if_needed
 .text.tu_edpt_stream_write_xfer
                0x100070e0       0x64 CMakeFiles/pio_matrix.dir/C_/Users/mgdbastos/.pico-sdk/sdk/2.1.0/lib/tinyusb/src/tusb.c.obj
                0x100070e0                tu_edpt_stream_write_xfer
 .text.tu_edpt_stream_read_xfer
                0x10007144       0xdc CMakeFiles/pio_matrix.dir/C_/Users/mgdbastos/.pico-sdk/sdk/2.1.0/lib/tinyusb/src/tusb.c.obj
                0x10007144                tu_edpt_stream_read_xfer
 .text.tu_fifo_config
                0x10007220       0x6c CMakeFiles/pio_matrix.dir/C_/Users/mgdbastos/.pico-sdk/sdk/2.1.0/lib/tinyusb/src/common/tusb_fifo.c.obj
                0x10007220                tu_fifo_config
 .text.tu_fifo_count
                0x1000728c       0x2c CMakeFiles/pio_matrix.dir/C_/Users/mgdbastos/.pico-sdk/sdk/2.1.0/lib/tinyusb/src/common/tusb_fifo.c.obj
                0x1000728c                tu_fifo_count
 .text.tu_fifo_empty
                0x100072b8       0x10 CMakeFiles/pio_matrix.dir/C_/Users/mgdbastos/.pico-sdk/sdk/2.1.0/lib/tinyusb/src/common/tusb_fifo.c.obj
                0x100072b8                tu_fifo_empty
 .text.tu_fifo_remaining
                0x100072c8       0x2c CMakeFiles/pio_matrix.dir/C_/Users/mgdbastos/.pico-sdk/sdk/2.1.0/lib/tinyusb/src/common/tusb_fifo.c.obj
                0x100072c8                tu_fifo_remaining
 .text.tu_fifo_read
                0x100072f4       0x9c CMakeFiles/pio_matrix.dir/C_/Users/mgdbastos/.pico-sdk/sdk/2.1.0/lib/tinyusb/src/common/tusb_fifo.c.obj
                0x100072f4                tu_fifo_read
 .text.tu_fifo_read_n
                0x10007390       0xe8 CMakeFiles/pio_matrix.dir/C_/Users/mgdbastos/.pico-sdk/sdk/2.1.0/lib/tinyusb/src/common/tusb_fifo.c.obj
                0x10007390                tu_fifo_read_n
 .text.tu_fifo_write
                0x10007478       0xa8 CMakeFiles/pio_matrix.dir/C_/Users/mgdbastos/.pico-sdk/sdk/2.1.0/lib/tinyusb/src/common/tusb_fifo.c.obj
                0x10007478                tu_fifo_write
 .text.tu_fifo_write_n
                0x10007520      0x178 CMakeFiles/pio_matrix.dir/C_/Users/mgdbastos/.pico-sdk/sdk/2.1.0/lib/tinyusb/src/common/tusb_fifo.c.obj
                0x10007520                tu_fifo_write_n
 .text.tu_fifo_clear
                0x10007698       0x40 CMakeFiles/pio_matrix.dir/C_/Users/mgdbastos/.pico-sdk/sdk/2.1.0/lib/tinyusb/src/common/tusb_fifo.c.obj
                0x10007698                tu_fifo_clear
 .text.tu_fifo_set_overwritable
                0x100076d8       0x48 CMakeFiles/pio_matrix.dir/C_/Users/mgdbastos/.pico-sdk/sdk/2.1.0/lib/tinyusb/src/common/tusb_fifo.c.obj
                0x100076d8                tu_fifo_set_overwritable
 .text.pio_claim_unused_sm
                0x10007720       0x38 CMakeFiles/pio_matrix.dir/C_/Users/mgdbastos/.pico-sdk/sdk/2.1.0/src/rp2_common/hardware_pio/pio.c.obj
                0x10007720                pio_claim_unused_sm
 .text.pio_add_program
                0x10007758      0x104 CMakeFiles/pio_matrix.dir/C_/Users/mgdbastos/.pico-sdk/sdk/2.1.0/src/rp2_common/hardware_pio/pio.c.obj
                0x10007758                pio_add_program
 .text.pio_sm_set_consecutive_pindirs
                0x1000785c       0xb4 CMakeFiles/pio_matrix.dir/C_/Users/mgdbastos/.pico-sdk/sdk/2.1.0/src/rp2_common/hardware_pio/pio.c.obj
                0x1000785c                pio_sm_set_consecutive_pindirs
 .text.pio_sm_init
                0x10007910       0x9c CMakeFiles/pio_matrix.dir/C_/Users/mgdbastos/.pico-sdk/sdk/2.1.0/src/rp2_common/hardware_pio/pio.c.obj
                0x10007910                pio_sm_init
 .text.strlen   0x100079ac       0x5c C:/Users/mgdbastos/.pico-sdk/toolchain/13_3_Rel1/bin/../lib/gcc/arm-none-eabi/13.3.1/thumb/v6-m/nofp\libg.a(libc_a-strlen-stub.o)
                0x100079ac                strlen
 *(.fini)
 .fini          0x10007a08        0x4 C:/Users/mgdbastos/.pico-sdk/toolchain/13_3_Rel1/bin/../lib/gcc/arm-none-eabi/13.3.1/thumb/v6-m/nofp/crti.o
                0x10007a08                _fini
 *fill*         0x10007a0c        0x4 
 .fini.__stub   0x10007a10       0xc0 linker stubs
 *crtbegin.o(.ctors)
 *crtbegin?.o(.ctors)
 *(EXCLUDE_FILE(*crtend.o *crtend?.o) .ctors)
 *(SORT_BY_NAME(.ctors.*))
 *(.ctors)
 *crtbegin.o(.dtors)
 *crtbegin?.o(.dtors)
 *(EXCLUDE_FILE(*crtend.o *crtend?.o) .dtors)
 *(SORT_BY_NAME(.dtors.*))
 *(.dtors)
                0x10007ad0                        . = ALIGN (0x4)
                0x10007ad0                        PROVIDE (__preinit_array_start = .)
 *(SORT_BY_NAME(.preinit_array.*))
 .preinit_array.00100
                0x10007ad0        0x4 CMakeFiles/pio_matrix.dir/C_/Users/mgdbastos/.pico-sdk/sdk/2.1.0/src/rp2_common/pico_runtime_init/runtime_init.c.obj
                0x10007ad0                __pre_init_runtime_init_early_resets
 .preinit_array.00101
                0x10007ad4        0x4 CMakeFiles/pio_matrix.dir/C_/Users/mgdbastos/.pico-sdk/sdk/2.1.0/src/rp2_common/pico_runtime_init/runtime_init.c.obj
                0x10007ad4                __pre_init_runtime_init_usb_power_down
 .preinit_array.00275
                0x10007ad8        0x4 CMakeFiles/pio_matrix.dir/C_/Users/mgdbastos/.pico-sdk/sdk/2.1.0/src/rp2_common/pico_bit_ops/bit_ops_aeabi.S.obj
 .preinit_array.00300
                0x10007adc        0x4 CMakeFiles/pio_matrix.dir/C_/Users/mgdbastos/.pico-sdk/sdk/2.1.0/src/rp2_common/pico_mem_ops/mem_ops_aeabi.S.obj
 .preinit_array.00350
                0x10007ae0        0x4 CMakeFiles/pio_matrix.dir/C_/Users/mgdbastos/.pico-sdk/sdk/2.1.0/src/rp2_common/pico_double/double_aeabi_rp2040.S.obj
 .preinit_array.00350
                0x10007ae4        0x4 CMakeFiles/pio_matrix.dir/C_/Users/mgdbastos/.pico-sdk/sdk/2.1.0/src/rp2_common/pico_float/float_aeabi_rp2040.S.obj
 .preinit_array.00500
                0x10007ae8        0x4 CMakeFiles/pio_matrix.dir/C_/Users/mgdbastos/.pico-sdk/sdk/2.1.0/src/rp2_common/pico_runtime_init/runtime_init.c.obj
                0x10007ae8                __pre_init_runtime_init_clocks
 .preinit_array.00600
                0x10007aec        0x4 CMakeFiles/pio_matrix.dir/C_/Users/mgdbastos/.pico-sdk/sdk/2.1.0/src/rp2_common/pico_runtime_init/runtime_init.c.obj
                0x10007aec                __pre_init_runtime_init_post_clock_resets
 .preinit_array.00700
                0x10007af0        0x4 CMakeFiles/pio_matrix.dir/C_/Users/mgdbastos/.pico-sdk/sdk/2.1.0/src/rp2_common/pico_runtime_init/runtime_init.c.obj
                0x10007af0                __pre_init_runtime_init_rp2040_gpio_ie_disable
 .preinit_array.01000
                0x10007af4        0x4 CMakeFiles/pio_matrix.dir/C_/Users/mgdbastos/.pico-sdk/sdk/2.1.0/src/rp2_common/pico_runtime_init/runtime_init.c.obj
                0x10007af4                __pre_init_runtime_init_spin_locks_reset
 .preinit_array.01100
                0x10007af8        0x4 CMakeFiles/pio_matrix.dir/C_/Users/mgdbastos/.pico-sdk/sdk/2.1.0/src/common/pico_sync/mutex.c.obj
                0x10007af8                __pre_init_runtime_init_mutex
 .preinit_array.10080
                0x10007afc        0x4 CMakeFiles/pio_matrix.dir/C_/Users/mgdbastos/.pico-sdk/sdk/2.1.0/src/rp2_common/pico_runtime_init/runtime_init.c.obj
                0x10007afc                __pre_init_runtime_init_install_ram_vector_table
 .preinit_array.11000
                0x10007b00        0x4 CMakeFiles/pio_matrix.dir/C_/Users/mgdbastos/.pico-sdk/sdk/2.1.0/src/common/pico_time/time.c.obj
                0x10007b00                __pre_init_runtime_init_default_alarm_pool
 .preinit_array.YYYYY
                0x10007b04        0x4 CMakeFiles/pio_matrix.dir/C_/Users/mgdbastos/.pico-sdk/sdk/2.1.0/src/rp2_common/pico_runtime/runtime.c.obj
                0x10007b04                __pre_init_first_per_core_initializer
 .preinit_array.ZZZZZ.01200
                0x10007b08        0x4 CMakeFiles/pio_matrix.dir/C_/Users/mgdbastos/.pico-sdk/sdk/2.1.0/src/rp2_common/hardware_irq/irq.c.obj
                0x10007b08                __pre_init_runtime_init_per_core_irq_priorities
 *(.preinit_array)
                0x10007b0c                        PROVIDE (__preinit_array_end = .)
                0x10007b0c                        . = ALIGN (0x4)
                0x10007b0c                        PROVIDE (__init_array_start = .)
 *(SORT_BY_NAME(.init_array.*))
 *(.init_array)
 .init_array    0x10007b0c        0x4 C:/Users/mgdbastos/.pico-sdk/toolchain/13_3_Rel1/bin/../lib/gcc/arm-none-eabi/13.3.1/thumb/v6-m/nofp/crtbegin.o
 .init_array    0x10007b10        0x4 CMakeFiles/pio_matrix.dir/C_/Users/mgdbastos/.pico-sdk/sdk/2.1.0/src/rp2_common/pico_unique_id/unique_id.c.obj
                0x10007b14                        PROVIDE (__init_array_end = .)
                0x10007b14                        . = ALIGN (0x4)
                [!provide]                        PROVIDE (__fini_array_start = .)
 *(SORT_BY_NAME(.fini_array.*))
 *(.fini_array)
                [!provide]                        PROVIDE (__fini_array_end = .)
 *(.eh_frame*)
 .eh_frame      0x10007b14        0x0 C:/Users/mgdbastos/.pico-sdk/toolchain/13_3_Rel1/bin/../lib/gcc/arm-none-eabi/13.3.1/thumb/v6-m/nofp/crtbegin.o
                0x10007b14                        . = ALIGN (0x4)

.glue_7         0x10007b14        0x0
 .glue_7        0x10007b14        0x0 linker stubs

.glue_7t        0x10007b14        0x0
 .glue_7t       0x10007b14        0x0 linker stubs

.vfp11_veneer   0x10007b14        0x0
 .vfp11_veneer  0x10007b14        0x0 linker stubs

.v4_bx          0x10007b14        0x0
 .v4_bx         0x10007b14        0x0 linker stubs

.iplt           0x10007b14        0x0
 .iplt          0x10007b14        0x0 C:/Users/mgdbastos/.pico-sdk/toolchain/13_3_Rel1/bin/../lib/gcc/arm-none-eabi/13.3.1/thumb/v6-m/nofp/crtbegin.o

.rodata         0x10007b18      0xfe8
 *(EXCLUDE_FILE(*libm.a: *libc.a:*lib_a-mem*.o *libgcc.a:) .rodata*)
 .rodata.tecla_d.str1.4
                0x10007b18      0x35c CMakeFiles/pio_matrix.dir/pio_matrix.c.obj
                                 0x49 (size before relaxing)
 .rodata.tecla_hash.str1.4
                0x10007e74       0x43 CMakeFiles/pio_matrix.dir/pio_matrix.c.obj
 .rodata.apagar_leds.str1.4
                0x10007e74       0x1e CMakeFiles/pio_matrix.dir/pio_matrix.c.obj
 .rodata.tecla_c.str1.4
                0x10007e74       0x4e CMakeFiles/pio_matrix.dir/pio_matrix.c.obj
 .rodata.execute_comando.str1.4
                0x10007e74       0x21 CMakeFiles/pio_matrix.dir/pio_matrix.c.obj
 .rodata.main.str1.4
                0x10007e74       0x5f CMakeFiles/pio_matrix.dir/pio_matrix.c.obj
 .rodata.main   0x10007e74       0x88 CMakeFiles/pio_matrix.dir/pio_matrix.c.obj
 .rodata.keys   0x10007efc       0x10 CMakeFiles/pio_matrix.dir/pio_matrix.c.obj
                0x10007efc                keys
 .rodata.pio_matrix_program
                0x10007f0c        0x8 CMakeFiles/pio_matrix.dir/pio_matrix.c.obj
 .rodata.pio_matrix_program_instructions
                0x10007f14        0xe CMakeFiles/pio_matrix.dir/pio_matrix.c.obj
 *fill*         0x10007f22        0x6 
 .rodata        0x10007f28      0x708 CMakeFiles/pio_matrix.dir/pio_matrix.c.obj
 .rodata.panic.str1.4
                0x10008630       0x12 CMakeFiles/pio_matrix.dir/C_/Users/mgdbastos/.pico-sdk/sdk/2.1.0/src/rp2_common/pico_platform_panic/panic.c.obj
 .rodata.spin_lock_claim_unused.str1.4
                0x10008630       0x1b CMakeFiles/pio_matrix.dir/C_/Users/mgdbastos/.pico-sdk/sdk/2.1.0/src/rp2_common/hardware_sync/sync.c.obj
 .rodata.user_irq_claim_unused.str1.4
                0x10008630       0x1b CMakeFiles/pio_matrix.dir/C_/Users/mgdbastos/.pico-sdk/sdk/2.1.0/src/rp2_common/hardware_irq/irq.c.obj
 .rodata.timer_hardware_alarm_claim.str1.4
                0x10008630       0x22 CMakeFiles/pio_matrix.dir/C_/Users/mgdbastos/.pico-sdk/sdk/2.1.0/src/rp2_common/hardware_timer/timer.c.obj
 .rodata.hard_assertion_failure.str1.4
                0x10008630        0xc CMakeFiles/pio_matrix.dir/C_/Users/mgdbastos/.pico-sdk/sdk/2.1.0/src/rp2_common/pico_runtime/runtime.c.obj
 .rodata.missing_double_func_shim.str1.4
                0x10008630       0x18 CMakeFiles/pio_matrix.dir/C_/Users/mgdbastos/.pico-sdk/sdk/2.1.0/src/rp2_common/pico_double/double_init_rom_rp2040.c.obj
 .rodata.missing_float_func_shim.str1.4
                0x10008630        0x1 CMakeFiles/pio_matrix.dir/C_/Users/mgdbastos/.pico-sdk/sdk/2.1.0/src/rp2_common/pico_float/float_init_rom_rp2040.c.obj
 .rodata.str1.4
                0x10008630       0x44 CMakeFiles/pio_matrix.dir/C_/Users/mgdbastos/.pico-sdk/sdk/2.1.0/src/rp2_common/pico_standard_binary_info/standard_binary_info.c.obj
 .rodata.__bi_84
                0x10008630        0xc CMakeFiles/pio_matrix.dir/C_/Users/mgdbastos/.pico-sdk/sdk/2.1.0/src/rp2_common/pico_standard_binary_info/standard_binary_info.c.obj
 .rodata.__bi_78
                0x1000863c        0xc CMakeFiles/pio_matrix.dir/C_/Users/mgdbastos/.pico-sdk/sdk/2.1.0/src/rp2_common/pico_standard_binary_info/standard_binary_info.c.obj
 .rodata.__bi_60
                0x10008648        0xc CMakeFiles/pio_matrix.dir/C_/Users/mgdbastos/.pico-sdk/sdk/2.1.0/src/rp2_common/pico_standard_binary_info/standard_binary_info.c.obj
 .rodata.__bi_54
                0x10008654        0xc CMakeFiles/pio_matrix.dir/C_/Users/mgdbastos/.pico-sdk/sdk/2.1.0/src/rp2_common/pico_standard_binary_info/standard_binary_info.c.obj
 .rodata.__bi_48
                0x10008660        0xc CMakeFiles/pio_matrix.dir/C_/Users/mgdbastos/.pico-sdk/sdk/2.1.0/src/rp2_common/pico_standard_binary_info/standard_binary_info.c.obj
 .rodata.__bi_42
                0x1000866c        0xc CMakeFiles/pio_matrix.dir/C_/Users/mgdbastos/.pico-sdk/sdk/2.1.0/src/rp2_common/pico_standard_binary_info/standard_binary_info.c.obj
 .rodata.__bi_34
                0x10008678        0xc CMakeFiles/pio_matrix.dir/C_/Users/mgdbastos/.pico-sdk/sdk/2.1.0/src/rp2_common/pico_standard_binary_info/standard_binary_info.c.obj
 .rodata.__bi_26
                0x10008684        0xc CMakeFiles/pio_matrix.dir/C_/Users/mgdbastos/.pico-sdk/sdk/2.1.0/src/rp2_common/pico_standard_binary_info/standard_binary_info.c.obj
 .rodata._ftoa.str1.4
                0x10008690       0x15 CMakeFiles/pio_matrix.dir/C_/Users/mgdbastos/.pico-sdk/sdk/2.1.0/src/rp2_common/pico_printf/printf.c.obj
 .rodata._vsnprintf
                0x10008690      0x19c CMakeFiles/pio_matrix.dir/C_/Users/mgdbastos/.pico-sdk/sdk/2.1.0/src/rp2_common/pico_printf/printf.c.obj
 *fill*         0x1000882c        0x4 
 .rodata.pow10.0
                0x10008830       0x50 CMakeFiles/pio_matrix.dir/C_/Users/mgdbastos/.pico-sdk/sdk/2.1.0/src/rp2_common/pico_printf/printf.c.obj
 .rodata.crlf_str.0
                0x10008880        0x2 CMakeFiles/pio_matrix.dir/C_/Users/mgdbastos/.pico-sdk/sdk/2.1.0/src/rp2_common/pico_stdio/stdio.c.obj
 .rodata.str1.4
                0x10008882       0x2c CMakeFiles/pio_matrix.dir/C_/Users/mgdbastos/.pico-sdk/sdk/2.1.0/src/rp2_common/pico_stdio_uart/stdio_uart.c.obj
 *fill*         0x10008882        0x2 
 .rodata.__bi_45.4
                0x10008884        0xc CMakeFiles/pio_matrix.dir/C_/Users/mgdbastos/.pico-sdk/sdk/2.1.0/src/rp2_common/pico_stdio_uart/stdio_uart.c.obj
 .rodata.__bi_49.5
                0x10008890        0x8 CMakeFiles/pio_matrix.dir/C_/Users/mgdbastos/.pico-sdk/sdk/2.1.0/src/rp2_common/pico_stdio_uart/stdio_uart.c.obj
 .rodata.__bi_50.6
                0x10008898        0x8 CMakeFiles/pio_matrix.dir/C_/Users/mgdbastos/.pico-sdk/sdk/2.1.0/src/rp2_common/pico_stdio_uart/stdio_uart.c.obj
 .rodata._resetd_driver
                0x100088a0       0x20 CMakeFiles/pio_matrix.dir/C_/Users/mgdbastos/.pico-sdk/sdk/2.1.0/src/rp2_common/pico_stdio_usb/reset_interface.c.obj
 .rodata.desc_ms_os_20
                0x100088c0       0xa6 CMakeFiles/pio_matrix.dir/C_/Users/mgdbastos/.pico-sdk/sdk/2.1.0/src/rp2_common/pico_stdio_usb/reset_interface.c.obj
 *fill*         0x10008966        0x2 
 .rodata.desc_bos
                0x10008968       0x21 CMakeFiles/pio_matrix.dir/C_/Users/mgdbastos/.pico-sdk/sdk/2.1.0/src/rp2_common/pico_stdio_usb/reset_interface.c.obj
                0x10008968                desc_bos
 .rodata.str1.4
                0x10008989       0x13 CMakeFiles/pio_matrix.dir/C_/Users/mgdbastos/.pico-sdk/sdk/2.1.0/src/rp2_common/pico_stdio_usb/stdio_usb.c.obj
 *fill*         0x10008989        0x3 
 .rodata.__bi_197.0
                0x1000898c        0xc CMakeFiles/pio_matrix.dir/C_/Users/mgdbastos/.pico-sdk/sdk/2.1.0/src/rp2_common/pico_stdio_usb/stdio_usb.c.obj
 .rodata.str1.4
                0x10008998       0x2a CMakeFiles/pio_matrix.dir/C_/Users/mgdbastos/.pico-sdk/sdk/2.1.0/src/rp2_common/pico_stdio_usb/stdio_usb_descriptors.c.obj
 .rodata.usbd_desc_str
                0x10008998       0x18 CMakeFiles/pio_matrix.dir/C_/Users/mgdbastos/.pico-sdk/sdk/2.1.0/src/rp2_common/pico_stdio_usb/stdio_usb_descriptors.c.obj
 .rodata.usbd_desc_cfg
                0x100089b0       0x54 CMakeFiles/pio_matrix.dir/C_/Users/mgdbastos/.pico-sdk/sdk/2.1.0/src/rp2_common/pico_stdio_usb/stdio_usb_descriptors.c.obj
 .rodata.usbd_desc_device
                0x10008a04       0x12 CMakeFiles/pio_matrix.dir/C_/Users/mgdbastos/.pico-sdk/sdk/2.1.0/src/rp2_common/pico_stdio_usb/stdio_usb_descriptors.c.obj
 .rodata.str1.4
                0x10008a16       0x14 CMakeFiles/pio_matrix.dir/C_/Users/mgdbastos/.pico-sdk/sdk/2.1.0/lib/tinyusb/src/portable/raspberrypi/rp2040/dcd_rp2040.c.obj
 .rodata.str1.4
                0x10008a16       0x48 CMakeFiles/pio_matrix.dir/C_/Users/mgdbastos/.pico-sdk/sdk/2.1.0/lib/tinyusb/src/portable/raspberrypi/rp2040/rp2040_usb.c.obj
 *fill*         0x10008a16        0x2 
 .rodata.tud_task_ext
                0x10008a18       0x8c CMakeFiles/pio_matrix.dir/C_/Users/mgdbastos/.pico-sdk/sdk/2.1.0/lib/tinyusb/src/device/usbd.c.obj
 .rodata        0x10008aa4       0x1c CMakeFiles/pio_matrix.dir/C_/Users/mgdbastos/.pico-sdk/sdk/2.1.0/lib/tinyusb/src/device/usbd.c.obj
 .rodata._usbd_driver
                0x10008ac0       0x40 CMakeFiles/pio_matrix.dir/C_/Users/mgdbastos/.pico-sdk/sdk/2.1.0/lib/tinyusb/src/device/usbd.c.obj
 .rodata.pio_claim_unused_sm.str1.4
                0x10008b00       0x24 CMakeFiles/pio_matrix.dir/C_/Users/mgdbastos/.pico-sdk/sdk/2.1.0/src/rp2_common/hardware_pio/pio.c.obj
                0x10008b24                        . = ALIGN (0x4)
 *(SORT_BY_ALIGNMENT(SORT_BY_NAME(.flashdata*)))
                0x10008b24                        . = ALIGN (0x4)

.ARM.extab
 *(.ARM.extab* .gnu.linkonce.armextab.*)
                0x10008b00                        __exidx_start = .

.ARM.exidx
 *(.ARM.exidx* .gnu.linkonce.armexidx.*)
                0x10008b00                        __exidx_end = .
                0x10008b24                        . = ALIGN (0x4)
                0x10008b00                        __binary_info_start = .

.binary_info    0x10008b00       0x30
 *(.binary_info.keep.*)
 .binary_info.keep.__bi_ptr84
                0x10008b00        0x4 CMakeFiles/pio_matrix.dir/C_/Users/mgdbastos/.pico-sdk/sdk/2.1.0/src/rp2_common/pico_standard_binary_info/standard_binary_info.c.obj
 .binary_info.keep.__bi_ptr78
                0x10008b04        0x4 CMakeFiles/pio_matrix.dir/C_/Users/mgdbastos/.pico-sdk/sdk/2.1.0/src/rp2_common/pico_standard_binary_info/standard_binary_info.c.obj
 .binary_info.keep.__bi_ptr60
                0x10008b08        0x4 CMakeFiles/pio_matrix.dir/C_/Users/mgdbastos/.pico-sdk/sdk/2.1.0/src/rp2_common/pico_standard_binary_info/standard_binary_info.c.obj
 .binary_info.keep.__bi_ptr54
                0x10008b0c        0x4 CMakeFiles/pio_matrix.dir/C_/Users/mgdbastos/.pico-sdk/sdk/2.1.0/src/rp2_common/pico_standard_binary_info/standard_binary_info.c.obj
 .binary_info.keep.__bi_ptr48
                0x10008b10        0x4 CMakeFiles/pio_matrix.dir/C_/Users/mgdbastos/.pico-sdk/sdk/2.1.0/src/rp2_common/pico_standard_binary_info/standard_binary_info.c.obj
 .binary_info.keep.__bi_ptr42
                0x10008b14        0x4 CMakeFiles/pio_matrix.dir/C_/Users/mgdbastos/.pico-sdk/sdk/2.1.0/src/rp2_common/pico_standard_binary_info/standard_binary_info.c.obj
 .binary_info.keep.__bi_ptr34
                0x10008b18        0x4 CMakeFiles/pio_matrix.dir/C_/Users/mgdbastos/.pico-sdk/sdk/2.1.0/src/rp2_common/pico_standard_binary_info/standard_binary_info.c.obj
 .binary_info.keep.__bi_ptr26
                0x10008b1c        0x4 CMakeFiles/pio_matrix.dir/C_/Users/mgdbastos/.pico-sdk/sdk/2.1.0/src/rp2_common/pico_standard_binary_info/standard_binary_info.c.obj
 *(.binary_info.*)
 .binary_info.__bi_ptr50
                0x10008b20        0x4 CMakeFiles/pio_matrix.dir/C_/Users/mgdbastos/.pico-sdk/sdk/2.1.0/src/rp2_common/pico_stdio_uart/stdio_uart.c.obj
 .binary_info.__bi_ptr49
                0x10008b24        0x4 CMakeFiles/pio_matrix.dir/C_/Users/mgdbastos/.pico-sdk/sdk/2.1.0/src/rp2_common/pico_stdio_uart/stdio_uart.c.obj
 .binary_info.__bi_ptr45
                0x10008b28        0x4 CMakeFiles/pio_matrix.dir/C_/Users/mgdbastos/.pico-sdk/sdk/2.1.0/src/rp2_common/pico_stdio_uart/stdio_uart.c.obj
 .binary_info.__bi_ptr197
                0x10008b2c        0x4 CMakeFiles/pio_matrix.dir/C_/Users/mgdbastos/.pico-sdk/sdk/2.1.0/src/rp2_common/pico_stdio_usb/stdio_usb.c.obj
                0x10008b30                        __binary_info_end = .

.rel.dyn        0x10008b30        0x0
 .rel.iplt      0x10008b30        0x0 C:/Users/mgdbastos/.pico-sdk/toolchain/13_3_Rel1/bin/../lib/gcc/arm-none-eabi/13.3.1/thumb/v6-m/nofp/crtbegin.o
                0x10008b30                        . = ALIGN (0x4)

.ram_vector_table
                0x20000000       0xc0
 *(.ram_vector_table)
 .ram_vector_table
                0x20000000       0xc0 CMakeFiles/pio_matrix.dir/C_/Users/mgdbastos/.pico-sdk/sdk/2.1.0/src/rp2_common/pico_runtime_init/runtime_init.c.obj
                0x20000000                ram_vector_table

.uninitialized_data
                0x200000c0        0x0
                0x200000c0                        . = ALIGN (0x4)
 *(.uninitialized_data*)

.data           0x200000c0     0x2bd8 load address 0x10008b30
                0x200000c0                        __data_start__ = .
 *(vtable)
 *(.time_critical*)
 .time_critical.mutex_try_enter
                0x200000c0       0x40 CMakeFiles/pio_matrix.dir/C_/Users/mgdbastos/.pico-sdk/sdk/2.1.0/src/common/pico_sync/mutex.c.obj
                0x200000c0                mutex_try_enter
 .time_critical.mutex_try_enter_block_until
                0x20000100       0x9c CMakeFiles/pio_matrix.dir/C_/Users/mgdbastos/.pico-sdk/sdk/2.1.0/src/common/pico_sync/mutex.c.obj
                0x20000100                mutex_try_enter_block_until
 .time_critical.mutex_enter_timeout_ms
                0x2000019c       0x90 CMakeFiles/pio_matrix.dir/C_/Users/mgdbastos/.pico-sdk/sdk/2.1.0/src/common/pico_sync/mutex.c.obj
                0x2000019c                mutex_enter_timeout_ms
 .time_critical.mutex_exit
                0x2000022c       0x28 CMakeFiles/pio_matrix.dir/C_/Users/mgdbastos/.pico-sdk/sdk/2.1.0/src/common/pico_sync/mutex.c.obj
                0x2000022c                mutex_exit
 .time_critical.flash_init_boot2_copyout
                0x20000254       0x30 CMakeFiles/pio_matrix.dir/C_/Users/mgdbastos/.pico-sdk/sdk/2.1.0/src/rp2_common/hardware_flash/flash.c.obj
 .time_critical.flash_enable_xip_via_boot2
                0x20000284        0xc CMakeFiles/pio_matrix.dir/C_/Users/mgdbastos/.pico-sdk/sdk/2.1.0/src/rp2_common/hardware_flash/flash.c.obj
 .time_critical.flash_cs_force
                0x20000290       0x38 CMakeFiles/pio_matrix.dir/C_/Users/mgdbastos/.pico-sdk/sdk/2.1.0/src/rp2_common/hardware_flash/flash.c.obj
 .time_critical.flash_do_cmd
                0x200002c8       0xc0 CMakeFiles/pio_matrix.dir/C_/Users/mgdbastos/.pico-sdk/sdk/2.1.0/src/rp2_common/hardware_flash/flash.c.obj
                0x200002c8                flash_do_cmd
 .time_critical.reset_non_control_endpoints
                0x20000388       0x68 CMakeFiles/pio_matrix.dir/C_/Users/mgdbastos/.pico-sdk/sdk/2.1.0/lib/tinyusb/src/portable/raspberrypi/rp2040/dcd_rp2040.c.obj
 .time_critical.hw_handle_buff_status
                0x200003f0       0xb0 CMakeFiles/pio_matrix.dir/C_/Users/mgdbastos/.pico-sdk/sdk/2.1.0/lib/tinyusb/src/portable/raspberrypi/rp2040/dcd_rp2040.c.obj
 .time_critical.dcd_rp2040_irq
                0x200004a0      0x578 CMakeFiles/pio_matrix.dir/C_/Users/mgdbastos/.pico-sdk/sdk/2.1.0/lib/tinyusb/src/portable/raspberrypi/rp2040/dcd_rp2040.c.obj
 .time_critical.prepare_ep_buffer
                0x20000a18       0xe0 CMakeFiles/pio_matrix.dir/C_/Users/mgdbastos/.pico-sdk/sdk/2.1.0/lib/tinyusb/src/portable/raspberrypi/rp2040/rp2040_usb.c.obj
 .time_critical.sync_ep_buffer
                0x20000af8       0xa8 CMakeFiles/pio_matrix.dir/C_/Users/mgdbastos/.pico-sdk/sdk/2.1.0/lib/tinyusb/src/portable/raspberrypi/rp2040/rp2040_usb.c.obj
 .time_critical._hw_endpoint_xfer_sync
                0x20000ba0       0x28 CMakeFiles/pio_matrix.dir/C_/Users/mgdbastos/.pico-sdk/sdk/2.1.0/lib/tinyusb/src/portable/raspberrypi/rp2040/rp2040_usb.c.obj
 .time_critical.e15_is_bulkin_ep
                0x20000bc8       0x28 CMakeFiles/pio_matrix.dir/C_/Users/mgdbastos/.pico-sdk/sdk/2.1.0/lib/tinyusb/src/portable/raspberrypi/rp2040/rp2040_usb.c.obj
 .time_critical.e15_is_critical_frame_period
                0x20000bf0       0x34 CMakeFiles/pio_matrix.dir/C_/Users/mgdbastos/.pico-sdk/sdk/2.1.0/lib/tinyusb/src/portable/raspberrypi/rp2040/rp2040_usb.c.obj
 .time_critical.hw_endpoint_reset_transfer
                0x20000c24        0xc CMakeFiles/pio_matrix.dir/C_/Users/mgdbastos/.pico-sdk/sdk/2.1.0/lib/tinyusb/src/portable/raspberrypi/rp2040/rp2040_usb.c.obj
                0x20000c24                hw_endpoint_reset_transfer
 .time_critical._hw_endpoint_buffer_control_update32
                0x20000c30       0x50 CMakeFiles/pio_matrix.dir/C_/Users/mgdbastos/.pico-sdk/sdk/2.1.0/lib/tinyusb/src/portable/raspberrypi/rp2040/rp2040_usb.c.obj
                0x20000c30                _hw_endpoint_buffer_control_update32
 .time_critical.hw_endpoint_start_next_buffer
                0x20000c80       0x6c CMakeFiles/pio_matrix.dir/C_/Users/mgdbastos/.pico-sdk/sdk/2.1.0/lib/tinyusb/src/portable/raspberrypi/rp2040/rp2040_usb.c.obj
                0x20000c80                hw_endpoint_start_next_buffer
 .time_critical.hw_endpoint_xfer_continue
                0x20000cec       0x40 CMakeFiles/pio_matrix.dir/C_/Users/mgdbastos/.pico-sdk/sdk/2.1.0/lib/tinyusb/src/portable/raspberrypi/rp2040/rp2040_usb.c.obj
                0x20000cec                hw_endpoint_xfer_continue
 .time_critical.tinyusb
                0x20000d2c      0x1e4 CMakeFiles/pio_matrix.dir/C_/Users/mgdbastos/.pico-sdk/sdk/2.1.0/lib/tinyusb/src/device/usbd.c.obj
                0x20000d2c                dcd_event_handler
 *(.text*)
 .text          0x20000f10        0x4 C:/Users/mgdbastos/.pico-sdk/toolchain/13_3_Rel1/bin/../lib/gcc/arm-none-eabi/13.3.1/thumb/v6-m/nofp\libgcc.a(_dvmd_tls.o)
                0x20000f10                __aeabi_idiv0
                0x20000f10                __aeabi_ldiv0
 *fill*         0x20000f14        0x4 
 .text.__stub   0x20000f18       0x80 linker stubs
                0x20000f98                        . = ALIGN (0x4)
 *(.rodata*)
                0x20000f98                        . = ALIGN (0x4)
 *(.data*)
 *fill*         0x20000f98        0x0 
 .data.tecla_8  0x20000f98      0x3e8 CMakeFiles/pio_matrix.dir/pio_matrix.c.obj
                0x20000f98                tecla_8
 .data.tecla_7  0x20001380      0x3e8 CMakeFiles/pio_matrix.dir/pio_matrix.c.obj
                0x20001380                tecla_7
 .data.tecla_6  0x20001768      0x3e8 CMakeFiles/pio_matrix.dir/pio_matrix.c.obj
                0x20001768                tecla_6
 .data.tecla_5  0x20001b50      0x3e8 CMakeFiles/pio_matrix.dir/pio_matrix.c.obj
                0x20001b50                tecla_5
 .data.tecla_4  0x20001f38      0x3e8 CMakeFiles/pio_matrix.dir/pio_matrix.c.obj
                0x20001f38                tecla_4
 .data.tecla_3  0x20002320      0x3e8 CMakeFiles/pio_matrix.dir/pio_matrix.c.obj
                0x20002320                tecla_3
 .data.letras   0x20002708      0x3e8 CMakeFiles/pio_matrix.dir/pio_matrix.c.obj
                0x20002708                letras
 .data.blue_max
                0x20002af0       0xc8 CMakeFiles/pio_matrix.dir/pio_matrix.c.obj
                0x20002af0                blue_max
 .data.striped_spin_lock_num
                0x20002bb8        0x1 CMakeFiles/pio_matrix.dir/C_/Users/mgdbastos/.pico-sdk/sdk/2.1.0/src/rp2_common/hardware_sync/sync.c.obj
 *fill*         0x20002bb9        0x3 
 .data          0x20002bbc       0x48 CMakeFiles/pio_matrix.dir/C_/Users/mgdbastos/.pico-sdk/sdk/2.1.0/src/rp2_common/hardware_irq/irq_handler_chain.S.obj
                0x20002bbc                irq_handler_chain_slots
                0x20002bec                irq_handler_chain_first_slot
                0x20002bf6                irq_handler_chain_remove_tail
 .data.default_alarm_pool
                0x20002c04       0x18 CMakeFiles/pio_matrix.dir/C_/Users/mgdbastos/.pico-sdk/sdk/2.1.0/src/common/pico_time/time.c.obj
 *fill*         0x20002c1c        0x4 
 .data.aeabi_bits_funcs
                0x20002c20       0x10 CMakeFiles/pio_matrix.dir/C_/Users/mgdbastos/.pico-sdk/sdk/2.1.0/src/rp2_common/pico_bit_ops/bit_ops_aeabi.S.obj
                0x20002c20                aeabi_bits_funcs
                0x20002c30                aeabi_bits_funcs_end
 .data.aeabi_mem_funcs
                0x20002c30       0x10 CMakeFiles/pio_matrix.dir/C_/Users/mgdbastos/.pico-sdk/sdk/2.1.0/src/rp2_common/pico_mem_ops/mem_ops_aeabi.S.obj
                0x20002c30                aeabi_mem_funcs
                0x20002c40                aeabi_mem_funcs_end
 .data.stdio_uart
                0x20002c40       0x18 CMakeFiles/pio_matrix.dir/C_/Users/mgdbastos/.pico-sdk/sdk/2.1.0/src/rp2_common/pico_stdio_uart/stdio_uart.c.obj
                0x20002c40                stdio_uart
 .data.stdio_usb
                0x20002c58       0x18 CMakeFiles/pio_matrix.dir/C_/Users/mgdbastos/.pico-sdk/sdk/2.1.0/src/rp2_common/pico_stdio_usb/stdio_usb.c.obj
                0x20002c58                stdio_usb
 .data._usbd_qdef
                0x20002c70       0x1c CMakeFiles/pio_matrix.dir/C_/Users/mgdbastos/.pico-sdk/sdk/2.1.0/lib/tinyusb/src/device/usbd.c.obj
                0x20002c70                _usbd_qdef
 .data._usbd_rhport
                0x20002c8c        0x1 CMakeFiles/pio_matrix.dir/C_/Users/mgdbastos/.pico-sdk/sdk/2.1.0/lib/tinyusb/src/device/usbd.c.obj
                0x20002c90                        . = ALIGN (0x4)
 *fill*         0x20002c8d        0x3 
 *(.after_data.*)
                0x20002c90                        . = ALIGN (0x4)
                0x20002c90                        PROVIDE (__mutex_array_start = .)
 *(SORT_BY_NAME(.mutex_array.*))
 *(.mutex_array)
 .mutex_array   0x20002c90        0x8 CMakeFiles/pio_matrix.dir/C_/Users/mgdbastos/.pico-sdk/sdk/2.1.0/src/rp2_common/pico_stdio/stdio.c.obj
                0x20002c98                        PROVIDE (__mutex_array_end = .)
                0x20002c98                        . = ALIGN (0x4)
 *(.jcr)
                0x20002c98                        . = ALIGN (0x4)

.tm_clone_table
                0x20002c98        0x0 load address 0x1000b708
 .tm_clone_table
                0x20002c98        0x0 C:/Users/mgdbastos/.pico-sdk/toolchain/13_3_Rel1/bin/../lib/gcc/arm-none-eabi/13.3.1/thumb/v6-m/nofp/crtbegin.o
 .tm_clone_table
                0x20002c98        0x0 C:/Users/mgdbastos/.pico-sdk/toolchain/13_3_Rel1/bin/../lib/gcc/arm-none-eabi/13.3.1/thumb/v6-m/nofp/crtend.o

.igot.plt       0x20002c98        0x0 load address 0x1000b708
 .igot.plt      0x20002c98        0x0 C:/Users/mgdbastos/.pico-sdk/toolchain/13_3_Rel1/bin/../lib/gcc/arm-none-eabi/13.3.1/thumb/v6-m/nofp/crtbegin.o

.tdata          0x20002c98        0x0 load address 0x1000b708
                0x20002c98                        . = ALIGN (0x4)
 *(.tdata .tdata.* .gnu.linkonce.td.*)
                0x20002c98                        __tdata_end = .
                0x20002c98                        PROVIDE (__data_end__ = .)
                0x10008b30                        __etext = LOADADDR (.data)

.tbss           0x20002c98        0x0 load address 0x1000b708
                0x20002c98                        . = ALIGN (0x4)
                0x20002c98                        __bss_start__ = .
                0x20002c98                        __tls_base = .
 *(.tbss .tbss.* .gnu.linkonce.tb.*)
 *(.tcommon)
                0x20002c98                        __tls_end = .

.bss            0x20002c98     0x1094 load address 0x1000b708
                0x20002c98                        . = ALIGN (0x4)
                0x20002c98                        __tbss_end = .
 *(SORT_BY_ALIGNMENT(SORT_BY_NAME(.bss*)))
 .bss.default_alarm_pool_entries
                0x20002c98      0x180 CMakeFiles/pio_matrix.dir/C_/Users/mgdbastos/.pico-sdk/sdk/2.1.0/src/common/pico_time/time.c.obj
 .bss.last_avail_time.1
                0x20002e18        0x8 CMakeFiles/pio_matrix.dir/C_/Users/mgdbastos/.pico-sdk/sdk/2.1.0/src/rp2_common/pico_stdio_usb/stdio_usb.c.obj
 .bss.sd_table  0x20002e20      0x100 CMakeFiles/pio_matrix.dir/C_/Users/mgdbastos/.pico-sdk/sdk/2.1.0/src/rp2_common/pico_double/double_init_rom_rp2040.c.obj
                0x20002e20                sd_table
 .bss._app_driver
                0x20002f20        0x4 CMakeFiles/pio_matrix.dir/C_/Users/mgdbastos/.pico-sdk/sdk/2.1.0/lib/tinyusb/src/device/usbd.c.obj
 .bss._cdcd_fifo_cfg
                0x20002f24        0x1 CMakeFiles/pio_matrix.dir/C_/Users/mgdbastos/.pico-sdk/sdk/2.1.0/lib/tinyusb/src/class/cdc/cdc_device.c.obj
 *fill*         0x20002f25        0x3 
 .bss._cdcd_itf
                0x20002f28      0x2c8 CMakeFiles/pio_matrix.dir/C_/Users/mgdbastos/.pico-sdk/sdk/2.1.0/lib/tinyusb/src/class/cdc/cdc_device.c.obj
 .bss._ctrl_xfer
                0x200031f0       0x14 CMakeFiles/pio_matrix.dir/C_/Users/mgdbastos/.pico-sdk/sdk/2.1.0/lib/tinyusb/src/device/usbd_control.c.obj
 .bss._ubsd_mutexdef
                0x20003204        0x8 CMakeFiles/pio_matrix.dir/C_/Users/mgdbastos/.pico-sdk/sdk/2.1.0/lib/tinyusb/src/device/usbd.c.obj
 .bss._usbd_ctrl_buf
                0x2000320c       0x40 CMakeFiles/pio_matrix.dir/C_/Users/mgdbastos/.pico-sdk/sdk/2.1.0/lib/tinyusb/src/device/usbd_control.c.obj
 .bss._usbd_dev
                0x2000324c       0x54 CMakeFiles/pio_matrix.dir/C_/Users/mgdbastos/.pico-sdk/sdk/2.1.0/lib/tinyusb/src/device/usbd.c.obj
 .bss._usbd_mutex
                0x200032a0        0x4 CMakeFiles/pio_matrix.dir/C_/Users/mgdbastos/.pico-sdk/sdk/2.1.0/lib/tinyusb/src/device/usbd.c.obj
 .bss._usbd_q   0x200032a4        0x4 CMakeFiles/pio_matrix.dir/C_/Users/mgdbastos/.pico-sdk/sdk/2.1.0/lib/tinyusb/src/device/usbd.c.obj
 .bss._usbd_qdef_buf
                0x200032a8       0xc0 CMakeFiles/pio_matrix.dir/C_/Users/mgdbastos/.pico-sdk/sdk/2.1.0/lib/tinyusb/src/device/usbd.c.obj
                0x200032a8                _usbd_qdef_buf
 .bss._used_instruction_space
                0x20003368        0x8 CMakeFiles/pio_matrix.dir/C_/Users/mgdbastos/.pico-sdk/sdk/2.1.0/src/rp2_common/hardware_pio/pio.c.obj
 .bss._vendord_itf
                0x20003370      0x2cc CMakeFiles/pio_matrix.dir/C_/Users/mgdbastos/.pico-sdk/sdk/2.1.0/lib/tinyusb/src/class/vendor/vendor_device.c.obj
 .bss.boot2_copyout
                0x2000363c      0x100 CMakeFiles/pio_matrix.dir/C_/Users/mgdbastos/.pico-sdk/sdk/2.1.0/src/rp2_common/hardware_flash/flash.c.obj
 .bss.chars_available_callback
                0x2000373c        0x4 CMakeFiles/pio_matrix.dir/C_/Users/mgdbastos/.pico-sdk/sdk/2.1.0/src/rp2_common/pico_stdio_uart/stdio_uart.c.obj
 .bss.chars_available_callback
                0x20003740        0x4 CMakeFiles/pio_matrix.dir/C_/Users/mgdbastos/.pico-sdk/sdk/2.1.0/src/rp2_common/pico_stdio_usb/stdio_usb.c.obj
 .bss.chars_available_param
                0x20003744        0x4 CMakeFiles/pio_matrix.dir/C_/Users/mgdbastos/.pico-sdk/sdk/2.1.0/src/rp2_common/pico_stdio_uart/stdio_uart.c.obj
 .bss.chars_available_param
                0x20003748        0x4 CMakeFiles/pio_matrix.dir/C_/Users/mgdbastos/.pico-sdk/sdk/2.1.0/src/rp2_common/pico_stdio_usb/stdio_usb.c.obj
 .bss.claimed   0x2000374c        0x4 CMakeFiles/pio_matrix.dir/C_/Users/mgdbastos/.pico-sdk/sdk/2.1.0/src/rp2_common/hardware_sync/sync.c.obj
 .bss.claimed   0x20003750        0x1 CMakeFiles/pio_matrix.dir/C_/Users/mgdbastos/.pico-sdk/sdk/2.1.0/src/rp2_common/hardware_timer/timer.c.obj
 *fill*         0x20003751        0x3 
 .bss.claimed   0x20003754        0x1 CMakeFiles/pio_matrix.dir/C_/Users/mgdbastos/.pico-sdk/sdk/2.1.0/src/rp2_common/hardware_pio/pio.c.obj
 *fill*         0x20003755        0x3 
 .bss.configured_freq
                0x20003758       0x28 CMakeFiles/pio_matrix.dir/C_/Users/mgdbastos/.pico-sdk/sdk/2.1.0/src/rp2_common/hardware_clocks/clocks.c.obj
 .bss.desc_str.0
                0x20003780       0x28 CMakeFiles/pio_matrix.dir/C_/Users/mgdbastos/.pico-sdk/sdk/2.1.0/src/rp2_common/pico_stdio_usb/stdio_usb_descriptors.c.obj
 .bss.drivers   0x200037a8        0x4 CMakeFiles/pio_matrix.dir/C_/Users/mgdbastos/.pico-sdk/sdk/2.1.0/src/rp2_common/pico_stdio/stdio.c.obj
 .bss.e15_last_sof
                0x200037ac        0x4 CMakeFiles/pio_matrix.dir/C_/Users/mgdbastos/.pico-sdk/sdk/2.1.0/lib/tinyusb/src/portable/raspberrypi/rp2040/rp2040_usb.c.obj
                0x200037ac                e15_last_sof
 .bss.filter    0x200037b0        0x4 CMakeFiles/pio_matrix.dir/C_/Users/mgdbastos/.pico-sdk/sdk/2.1.0/src/rp2_common/pico_stdio/stdio.c.obj
 .bss.hw_endpoints
                0x200037b4      0x400 CMakeFiles/pio_matrix.dir/C_/Users/mgdbastos/.pico-sdk/sdk/2.1.0/lib/tinyusb/src/portable/raspberrypi/rp2040/dcd_rp2040.c.obj
 .bss.lazy_vsnprintf
                0x20003bb4        0x4 CMakeFiles/pio_matrix.dir/C_/Users/mgdbastos/.pico-sdk/sdk/2.1.0/src/rp2_common/pico_printf/printf.c.obj
 .bss.load_value
                0x20003bb8        0x4 CMakeFiles/pio_matrix.dir/C_/Users/mgdbastos/.pico-sdk/sdk/2.1.0/src/rp2_common/hardware_watchdog/watchdog.c.obj
 .bss.next_buffer_ptr
                0x20003bbc        0x4 CMakeFiles/pio_matrix.dir/C_/Users/mgdbastos/.pico-sdk/sdk/2.1.0/lib/tinyusb/src/portable/raspberrypi/rp2040/dcd_rp2040.c.obj
 .bss.object.0  0x20003bc0       0x18 C:/Users/mgdbastos/.pico-sdk/toolchain/13_3_Rel1/bin/../lib/gcc/arm-none-eabi/13.3.1/thumb/v6-m/nofp/crtbegin.o
 .bss.one_shot_timer_crit_sec
                0x20003bd8        0x8 CMakeFiles/pio_matrix.dir/C_/Users/mgdbastos/.pico-sdk/sdk/2.1.0/src/rp2_common/pico_stdio_usb/stdio_usb.c.obj
 .bss.pools     0x20003be0       0x10 CMakeFiles/pio_matrix.dir/C_/Users/mgdbastos/.pico-sdk/sdk/2.1.0/src/common/pico_time/time.c.obj
 .bss.retrieved_id
                0x20003bf0        0x8 CMakeFiles/pio_matrix.dir/C_/Users/mgdbastos/.pico-sdk/sdk/2.1.0/src/rp2_common/pico_unique_id/unique_id.c.obj
 .bss.sf_clz_func
                0x20003bf8        0x4 CMakeFiles/pio_matrix.dir/C_/Users/mgdbastos/.pico-sdk/sdk/2.1.0/src/rp2_common/pico_double/double_init_rom_rp2040.c.obj
                0x20003bf8                sf_clz_func
 .bss.sf_table  0x20003bfc      0x100 CMakeFiles/pio_matrix.dir/C_/Users/mgdbastos/.pico-sdk/sdk/2.1.0/src/rp2_common/pico_float/float_init_rom_rp2040.c.obj
                0x20003bfc                sf_table
 .bss.sleep_notifier
                0x20003cfc        0x4 CMakeFiles/pio_matrix.dir/C_/Users/mgdbastos/.pico-sdk/sdk/2.1.0/src/common/pico_time/time.c.obj
 .bss.stdio_usb_mutex
                0x20003d00        0x8 CMakeFiles/pio_matrix.dir/C_/Users/mgdbastos/.pico-sdk/sdk/2.1.0/src/rp2_common/pico_stdio_usb/stdio_usb.c.obj
 .bss.uart_char_to_line_feed
                0x20003d08        0x4 CMakeFiles/pio_matrix.dir/C_/Users/mgdbastos/.pico-sdk/sdk/2.1.0/src/rp2_common/hardware_uart/uart.c.obj
                0x20003d08                uart_char_to_line_feed
 .bss.uart_instance
                0x20003d0c        0x4 CMakeFiles/pio_matrix.dir/C_/Users/mgdbastos/.pico-sdk/sdk/2.1.0/src/rp2_common/pico_stdio_uart/stdio_uart.c.obj